type=CONFIG_CHANGE msg=audit(1779746663.172:256): auid=1000 ses=1 subj=unconfined op=add_rule key="sudoers_changes" list=4 res=1AUID="alumno"
type=SYSCALL msg=audit(1779746663.172:256): arch=c000003e syscall=44 success=yes exit=1084 a0=3 a1=7ffd37190a40 a2=43c a3=0 items=1 ppid=1225 pid=1239 auid=1000 uid=0 gid=0 euid=0 suid=0 fsuid=0 egid=0 sgid=0 fsgid=0 tty=pts1 ses=1 comm="auditctl" exe="/usr/sbin/auditctl" subj=unconfined key=(null)ARCH=x86_64 SYSCALL=sendto AUID="alumno" UID="root" GID="root" EUID="root" SUID="root" FSUID="root" EGID="root" SGID="root" FSGID="root"
type=SOCKADDR msg=audit(1779746663.172:256): saddr=100000000000000000000000SADDR={ saddr_fam=netlink nlnk-fam=16 nlnk-pid=0 }
type=CWD msg=audit(1779746663.172:256): cwd="/home/alumno"
type=PATH msg=audit(1779746663.172:256): item=0 name="/etc/" inode=1048577 dev=08:02 mode=040755 ouid=0 ogid=0 rdev=00:00 nametype=PARENT cap_fp=0 cap_fi=0 cap_fe=0 cap_fver=0 cap_frootid=0OUID="root" OGID="root"
type=PROCTITLE msg=audit(1779746663.172:256): proctitle=2F7362696E2F617564697463746C002D52002F6574632F61756469742F61756469742E72756C6573
type=SYSCALL msg=audit(1779746681.796:264): arch=c000003e syscall=257 success=yes exit=5 a0=ffffff9c a1=7f3040293f1e a2=0 a3=0 items=1 ppid=952 pid=1247 auid=1000 uid=0 gid=1000 euid=1 suid=0 fsuid=1 egid=0 sgid=1000 fsgid=0 tty=pts0 ses=1 comm="sudo" exe="/usr/bin/sudo" subj=unconfined key="sudoers_changes"ARCH=x86_64 SYSCALL=openat AUID="alumno" UID="root" GID="alumno" EUID="daemon" SUID="root" FSUID="daemon" EGID="root" SGID="alumno" FSGID="root"
type=CWD msg=audit(1779746681.796:264): cwd="/home/alumno"
type=PATH msg=audit(1779746681.796:264): item=0 name="/etc/sudoers" inode=1049309 dev=08:02 mode=0100440 ouid=0 ogid=0 rdev=00:00 nametype=NORMAL cap_fp=0 cap_fi=0 cap_fe=0 cap_fver=0 cap_frootid=0OUID="root" OGID="root"
type=PROCTITLE msg=audit(1779746681.796:264): proctitle=7375646F00617564697463746C002D6C
type=SYSCALL msg=audit(1779747406.356:301): arch=c000003e syscall=257 success=yes exit=5 a0=ffffff9c a1=7fbab04c9f1e a2=0 a3=0 items=1 ppid=952 pid=1276 auid=1000 uid=0 gid=1000 euid=1 suid=0 fsuid=1 egid=0 sgid=1000 fsgid=0 tty=pts0 ses=1 comm="sudo" exe="/usr/bin/sudo" subj=unconfined key="sudoers_changes"ARCH=x86_64 SYSCALL=openat AUID="alumno" UID="root" GID="alumno" EUID="daemon" SUID="root" FSUID="daemon" EGID="root" SGID="alumno" FSGID="root"
type=CWD msg=audit(1779747406.356:301): cwd="/home/alumno"
type=PATH msg=audit(1779747406.356:301): item=0 name="/etc/sudoers" inode=1049309 dev=08:02 mode=0100440 ouid=0 ogid=0 rdev=00:00 nametype=NORMAL cap_fp=0 cap_fi=0 cap_fe=0 cap_fver=0 cap_frootid=0OUID="root" OGID="root"
type=PROCTITLE msg=audit(1779747406.356:301): proctitle=7375646F006175736561726368002D6B007061737377645F6368616E676573002D2D726177
type=SYSCALL msg=audit(1779747428.852:335): arch=c000003e syscall=257 success=yes exit=5 a0=ffffff9c a1=7f4d319bcf1e a2=0 a3=0 items=1 ppid=952 pid=1284 auid=1000 uid=0 gid=1000 euid=1 suid=0 fsuid=1 egid=0 sgid=1000 fsgid=0 tty=pts0 ses=1 comm="sudo" exe="/usr/bin/sudo" subj=unconfined key="sudoers_changes"ARCH=x86_64 SYSCALL=openat AUID="alumno" UID="root" GID="alumno" EUID="daemon" SUID="root" FSUID="daemon" EGID="root" SGID="alumno" FSGID="root"
type=CWD msg=audit(1779747428.852:335): cwd="/home/alumno"
type=PATH msg=audit(1779747428.852:335): item=0 name="/etc/sudoers" inode=1049309 dev=08:02 mode=0100440 ouid=0 ogid=0 rdev=00:00 nametype=NORMAL cap_fp=0 cap_fi=0 cap_fe=0 cap_fver=0 cap_frootid=0OUID="root" OGID="root"
type=PROCTITLE msg=audit(1779747428.852:335): proctitle=7375646F006175736561726368002D6B007061737377645F6368616E676573002D2D666F726D6174006A736F6E
type=SYSCALL msg=audit(1779747500.144:354): arch=c000003e syscall=257 success=yes exit=5 a0=ffffff9c a1=7f8331618f1e a2=0 a3=0 items=1 ppid=952 pid=1287 auid=1000 uid=0 gid=1000 euid=1 suid=0 fsuid=1 egid=0 sgid=1000 fsgid=0 tty=pts0 ses=1 comm="sudo" exe="/usr/bin/sudo" subj=unconfined key="sudoers_changes"ARCH=x86_64 SYSCALL=openat AUID="alumno" UID="root" GID="alumno" EUID="daemon" SUID="root" FSUID="daemon" EGID="root" SGID="alumno" FSGID="root"
type=CWD msg=audit(1779747500.144:354): cwd="/home/alumno"
type=PATH msg=audit(1779747500.144:354): item=0 name="/etc/sudoers" inode=1049309 dev=08:02 mode=0100440 ouid=0 ogid=0 rdev=00:00 nametype=NORMAL cap_fp=0 cap_fi=0 cap_fe=0 cap_fver=0 cap_frootid=0OUID="root" OGID="root"
type=PROCTITLE msg=audit(1779747500.144:354): proctitle=7375646F006175736561726368002D6B007061737377645F6368616E676573002D2D6A736F6E
type=SYSCALL msg=audit(1779748076.424:478): arch=c000003e syscall=257 success=yes exit=5 a0=ffffff9c a1=7f2d079d9f1e a2=0 a3=0 items=1 ppid=1371 pid=1381 auid=1000 uid=0 gid=1000 euid=1 suid=0 fsuid=1 egid=0 sgid=1000 fsgid=0 tty=pts0 ses=4 comm="sudo" exe="/usr/bin/sudo" subj=unconfined key="sudoers_changes"ARCH=x86_64 SYSCALL=openat AUID="alumno" UID="root" GID="alumno" EUID="daemon" SUID="root" FSUID="daemon" EGID="root" SGID="alumno" FSGID="root"
type=CWD msg=audit(1779748076.424:478): cwd="/home/alumno"
type=PATH msg=audit(1779748076.424:478): item=0 name="/etc/sudoers" inode=1049309 dev=08:02 mode=0100440 ouid=0 ogid=0 rdev=00:00 nametype=NORMAL cap_fp=0 cap_fi=0 cap_fe=0 cap_fver=0 cap_frootid=0OUID="root" OGID="root"
type=PROCTITLE msg=audit(1779748076.424:478): proctitle=7375646F006170742D67657400757064617465
type=SYSCALL msg=audit(1779748215.584:541): arch=c000003e syscall=257 success=yes exit=5 a0=ffffff9c a1=7f0361658f1e a2=0 a3=0 items=1 ppid=1371 pid=1414 auid=1000 uid=0 gid=1000 euid=1 suid=0 fsuid=1 egid=0 sgid=1000 fsgid=0 tty=pts0 ses=4 comm="sudo" exe="/usr/bin/sudo" subj=unconfined key="sudoers_changes"ARCH=x86_64 SYSCALL=openat AUID="alumno" UID="root" GID="alumno" EUID="daemon" SUID="root" FSUID="daemon" EGID="root" SGID="alumno" FSGID="root"
type=CWD msg=audit(1779748215.584:541): cwd="/home/alumno"
type=PATH msg=audit(1779748215.584:541): item=0 name="/etc/sudoers" inode=1049309 dev=08:02 mode=0100440 ouid=0 ogid=0 rdev=00:00 nametype=NORMAL cap_fp=0 cap_fi=0 cap_fe=0 cap_fver=0 cap_frootid=0OUID="root" OGID="root"
type=PROCTITLE msg=audit(1779748215.584:541): proctitle=7375646F0073797374656D63746C0073746174757300617564697464
type=SYSCALL msg=audit(1779748378.328:564): arch=c000003e syscall=257 success=yes exit=5 a0=ffffff9c a1=7fbfd6878f1e a2=0 a3=0 items=1 ppid=1371 pid=1419 auid=1000 uid=0 gid=1000 euid=1 suid=0 fsuid=1 egid=0 sgid=1000 fsgid=0 tty=pts0 ses=4 comm="sudo" exe="/usr/bin/sudo" subj=unconfined key="sudoers_changes"ARCH=x86_64 SYSCALL=openat AUID="alumno" UID="root" GID="alumno" EUID="daemon" SUID="root" FSUID="daemon" EGID="root" SGID="alumno" FSGID="root"
type=CWD msg=audit(1779748378.328:564): cwd="/home/alumno"
type=PATH msg=audit(1779748378.328:564): item=0 name="/etc/sudoers" inode=1049309 dev=08:02 mode=0100440 ouid=0 ogid=0 rdev=00:00 nametype=NORMAL cap_fp=0 cap_fi=0 cap_fe=0 cap_fver=0 cap_frootid=0OUID="root" OGID="root"
type=PROCTITLE msg=audit(1779748378.328:564): proctitle=7375646F0075736572616464007573756172696F5F66616E7461736D61
type=SYSCALL msg=audit(1779748594.352:600): arch=c000003e syscall=257 success=yes exit=5 a0=ffffff9c a1=7f89189a7f1e a2=0 a3=0 items=1 ppid=1371 pid=1432 auid=1000 uid=0 gid=1000 euid=1 suid=0 fsuid=1 egid=0 sgid=1000 fsgid=0 tty=pts0 ses=4 comm="sudo" exe="/usr/bin/sudo" subj=unconfined key="sudoers_changes"ARCH=x86_64 SYSCALL=openat AUID="alumno" UID="root" GID="alumno" EUID="daemon" SUID="root" FSUID="daemon" EGID="root" SGID="alumno" FSGID="root"
type=CWD msg=audit(1779748594.352:600): cwd="/home/alumno"
type=PATH msg=audit(1779748594.352:600): item=0 name="/etc/sudoers" inode=1049309 dev=08:02 mode=0100440 ouid=0 ogid=0 rdev=00:00 nametype=NORMAL cap_fp=0 cap_fi=0 cap_fe=0 cap_fver=0 cap_frootid=0OUID="root" OGID="root"
type=PROCTITLE msg=audit(1779748594.352:600): proctitle=7375646F006175736561726368002D6B00726F6F745F636F6D6D616E6473002D2D726177
type=SYSCALL msg=audit(1779748683.224:620): arch=c000003e syscall=257 success=yes exit=5 a0=ffffff9c a1=7fcbd2946f1e a2=0 a3=0 items=1 ppid=1371 pid=1444 auid=1000 uid=0 gid=1000 euid=1 suid=0 fsuid=1 egid=0 sgid=1000 fsgid=0 tty=pts0 ses=4 comm="sudo" exe="/usr/bin/sudo" subj=unconfined key="sudoers_changes"ARCH=x86_64 SYSCALL=openat AUID="alumno" UID="root" GID="alumno" EUID="daemon" SUID="root" FSUID="daemon" EGID="root" SGID="alumno" FSGID="root"
type=CWD msg=audit(1779748683.224:620): cwd="/home/alumno"
type=PATH msg=audit(1779748683.224:620): item=0 name="/etc/sudoers" inode=1049309 dev=08:02 mode=0100440 ouid=0 ogid=0 rdev=00:00 nametype=NORMAL cap_fp=0 cap_fi=0 cap_fe=0 cap_fver=0 cap_frootid=0OUID="root" OGID="root"
type=PROCTITLE msg=audit(1779748683.224:620): proctitle=7375646F0076697375646F
type=SYSCALL msg=audit(1779748683.244:635): arch=c000003e syscall=257 success=yes exit=3 a0=ffffff9c a1=55e7e4f5f490 a2=42 a3=120 items=2 ppid=1445 pid=1446 auid=1000 uid=0 gid=0 euid=0 suid=0 fsuid=0 egid=0 sgid=0 fsgid=0 tty=pts1 ses=4 comm="visudo" exe="/usr/sbin/visudo" subj=unconfined key="sudoers_changes"ARCH=x86_64 SYSCALL=openat AUID="alumno" UID="root" GID="root" EUID="root" SUID="root" FSUID="root" EGID="root" SGID="root" FSGID="root"
type=CWD msg=audit(1779748683.244:635): cwd="/home/alumno"
type=PATH msg=audit(1779748683.244:635): item=0 name="/etc/" inode=1048577 dev=08:02 mode=040755 ouid=0 ogid=0 rdev=00:00 nametype=PARENT cap_fp=0 cap_fi=0 cap_fe=0 cap_fver=0 cap_frootid=0OUID="root" OGID="root"
type=PATH msg=audit(1779748683.244:635): item=1 name="/etc/sudoers" inode=1049309 dev=08:02 mode=0100440 ouid=0 ogid=0 rdev=00:00 nametype=NORMAL cap_fp=0 cap_fi=0 cap_fe=0 cap_fver=0 cap_frootid=0OUID="root" OGID="root"
type=PROCTITLE msg=audit(1779748683.244:635): proctitle="visudo"
type=SYSCALL msg=audit(1779748697.244:640): arch=c000003e syscall=82 success=yes exit=0 a0=55e7e4f6b170 a1=55e7e4f5f490 a2=0 a3=55e7e4f6dc60 items=5 ppid=1445 pid=1446 auid=1000 uid=0 gid=0 euid=0 suid=0 fsuid=0 egid=0 sgid=0 fsgid=0 tty=pts1 ses=4 comm="visudo" exe="/usr/sbin/visudo" subj=unconfined key="sudoers_changes"ARCH=x86_64 SYSCALL=rename AUID="alumno" UID="root" GID="root" EUID="root" SUID="root" FSUID="root" EGID="root" SGID="root" FSGID="root"
type=CWD msg=audit(1779748697.244:640): cwd="/home/alumno"
type=PATH msg=audit(1779748697.244:640): item=0 name="/etc/" inode=1048577 dev=08:02 mode=040755 ouid=0 ogid=0 rdev=00:00 nametype=PARENT cap_fp=0 cap_fi=0 cap_fe=0 cap_fver=0 cap_frootid=0OUID="root" OGID="root"
type=PATH msg=audit(1779748697.244:640): item=1 name="/etc/" inode=1048577 dev=08:02 mode=040755 ouid=0 ogid=0 rdev=00:00 nametype=PARENT cap_fp=0 cap_fi=0 cap_fe=0 cap_fver=0 cap_frootid=0OUID="root" OGID="root"
type=PATH msg=audit(1779748697.244:640): item=2 name="/etc/sudoers.tmp" inode=1050110 dev=08:02 mode=0100440 ouid=0 ogid=0 rdev=00:00 nametype=DELETE cap_fp=0 cap_fi=0 cap_fe=0 cap_fver=0 cap_frootid=0OUID="root" OGID="root"
type=PATH msg=audit(1779748697.244:640): item=3 name="/etc/sudoers" inode=1049309 dev=08:02 mode=0100440 ouid=0 ogid=0 rdev=00:00 nametype=DELETE cap_fp=0 cap_fi=0 cap_fe=0 cap_fver=0 cap_frootid=0OUID="root" OGID="root"
type=PATH msg=audit(1779748697.244:640): item=4 name="/etc/sudoers" inode=1050110 dev=08:02 mode=0100440 ouid=0 ogid=0 rdev=00:00 nametype=CREATE cap_fp=0 cap_fi=0 cap_fe=0 cap_fver=0 cap_frootid=0OUID="root" OGID="root"
type=PROCTITLE msg=audit(1779748697.244:640): proctitle="visudo"
type=SYSCALL msg=audit(1779748824.976:646): arch=c000003e syscall=257 success=yes exit=5 a0=ffffff9c a1=7fe89c397f1e a2=0 a3=0 items=1 ppid=1371 pid=1449 auid=1000 uid=0 gid=1000 euid=1 suid=0 fsuid=1 egid=0 sgid=1000 fsgid=0 tty=pts0 ses=4 comm="sudo" exe="/usr/bin/sudo" subj=unconfined key="sudoers_changes"ARCH=x86_64 SYSCALL=openat AUID="alumno" UID="root" GID="alumno" EUID="daemon" SUID="root" FSUID="daemon" EGID="root" SGID="alumno" FSGID="root"
type=CWD msg=audit(1779748824.976:646): cwd="/home/alumno"
type=PATH msg=audit(1779748824.976:646): item=0 name="/etc/sudoers" inode=1050110 dev=08:02 mode=0100440 ouid=0 ogid=0 rdev=00:00 nametype=NORMAL cap_fp=0 cap_fi=0 cap_fe=0 cap_fver=0 cap_frootid=0OUID="root" OGID="root"
type=PROCTITLE msg=audit(1779748824.976:646): proctitle=7375646F00746F756368002F6574632F7375646F657273
type=SYSCALL msg=audit(1779748824.988:660): arch=c000003e syscall=257 success=yes exit=3 a0=ffffff9c a1=7ffff2a0e8e0 a2=941 a3=1b6 items=2 ppid=1450 pid=1451 auid=1000 uid=0 gid=0 euid=0 suid=0 fsuid=0 egid=0 sgid=0 fsgid=0 tty=pts1 ses=4 comm="touch" exe="/usr/bin/touch" subj=unconfined key="sudoers_changes"ARCH=x86_64 SYSCALL=openat AUID="alumno" UID="root" GID="root" EUID="root" SUID="root" FSUID="root" EGID="root" SGID="root" FSGID="root"
type=CWD msg=audit(1779748824.988:660): cwd="/home/alumno"
type=PATH msg=audit(1779748824.988:660): item=0 name="/etc/" inode=1048577 dev=08:02 mode=040755 ouid=0 ogid=0 rdev=00:00 nametype=PARENT cap_fp=0 cap_fi=0 cap_fe=0 cap_fver=0 cap_frootid=0OUID="root" OGID="root"
type=PATH msg=audit(1779748824.988:660): item=1 name="/etc/sudoers" inode=1050110 dev=08:02 mode=0100440 ouid=0 ogid=0 rdev=00:00 nametype=NORMAL cap_fp=0 cap_fi=0 cap_fe=0 cap_fver=0 cap_frootid=0OUID="root" OGID="root"
type=PROCTITLE msg=audit(1779748824.988:660): proctitle=746F756368002F6574632F7375646F657273
type=SYSCALL msg=audit(1779749040.404:667): arch=c000003e syscall=257 success=yes exit=5 a0=ffffff9c a1=7f4a97d72f1e a2=0 a3=0 items=1 ppid=1371 pid=1457 auid=1000 uid=0 gid=1000 euid=1 suid=0 fsuid=1 egid=0 sgid=1000 fsgid=0 tty=pts0 ses=4 comm="sudo" exe="/usr/bin/sudo" subj=unconfined key="sudoers_changes"ARCH=x86_64 SYSCALL=openat AUID="alumno" UID="root" GID="alumno" EUID="daemon" SUID="root" FSUID="daemon" EGID="root" SGID="alumno" FSGID="root"
type=CWD msg=audit(1779749040.404:667): cwd="/home/alumno"
type=PATH msg=audit(1779749040.404:667): item=0 name="/etc/sudoers" inode=1050110 dev=08:02 mode=0100440 ouid=0 ogid=0 rdev=00:00 nametype=NORMAL cap_fp=0 cap_fi=0 cap_fe=0 cap_fver=0 cap_frootid=0OUID="root" OGID="root"
type=PROCTITLE msg=audit(1779749040.404:667): proctitle=7375646F0063686D6F640030343430002F6574632F7375646F657273
type=SYSCALL msg=audit(1779749040.412:681): arch=c000003e syscall=268 success=yes exit=0 a0=ffffff9c a1=5625056e2500 a2=120 a3=0 items=1 ppid=1458 pid=1459 auid=1000 uid=0 gid=0 euid=0 suid=0 fsuid=0 egid=0 sgid=0 fsgid=0 tty=pts1 ses=4 comm="chmod" exe="/usr/bin/chmod" subj=unconfined key="sudoers_changes"ARCH=x86_64 SYSCALL=fchmodat AUID="alumno" UID="root" GID="root" EUID="root" SUID="root" FSUID="root" EGID="root" SGID="root" FSGID="root"
type=CWD msg=audit(1779749040.412:681): cwd="/home/alumno"
type=PATH msg=audit(1779749040.412:681): item=0 name="/etc/sudoers" inode=1050110 dev=08:02 mode=0100440 ouid=0 ogid=0 rdev=00:00 nametype=NORMAL cap_fp=0 cap_fi=0 cap_fe=0 cap_fver=0 cap_frootid=0OUID="root" OGID="root"
type=PROCTITLE msg=audit(1779749040.412:681): proctitle=63686D6F640030343430002F6574632F7375646F657273
type=SYSCALL msg=audit(1779749098.796:687): arch=c000003e syscall=257 success=yes exit=5 a0=ffffff9c a1=7fabb5d90f1e a2=0 a3=0 items=1 ppid=1371 pid=1461 auid=1000 uid=0 gid=1000 euid=1 suid=0 fsuid=1 egid=0 sgid=1000 fsgid=0 tty=pts0 ses=4 comm="sudo" exe="/usr/bin/sudo" subj=unconfined key="sudoers_changes"ARCH=x86_64 SYSCALL=openat AUID="alumno" UID="root" GID="alumno" EUID="daemon" SUID="root" FSUID="daemon" EGID="root" SGID="alumno" FSGID="root"
type=CWD msg=audit(1779749098.796:687): cwd="/home/alumno"
type=PATH msg=audit(1779749098.796:687): item=0 name="/etc/sudoers" inode=1050110 dev=08:02 mode=0100440 ouid=0 ogid=0 rdev=00:00 nametype=NORMAL cap_fp=0 cap_fi=0 cap_fe=0 cap_fver=0 cap_frootid=0OUID="root" OGID="root"
type=PROCTITLE msg=audit(1779749098.796:687): proctitle=7375646F006175736561726368002D6B007375646F6572735F6368616E676573002D2D726177
