type=CONFIG_CHANGE msg=audit(1779746663.172:258): auid=1000 ses=1 subj=unconfined op=add_rule key="shadow_access" list=4 res=1AUID="alumno"
type=SYSCALL msg=audit(1779746663.172:258): arch=c000003e syscall=44 success=yes exit=1080 a0=3 a1=7ffd37190a40 a2=438 a3=0 items=1 ppid=1225 pid=1239 auid=1000 uid=0 gid=0 euid=0 suid=0 fsuid=0 egid=0 sgid=0 fsgid=0 tty=pts1 ses=1 comm="auditctl" exe="/usr/sbin/auditctl" subj=unconfined key=(null)ARCH=x86_64 SYSCALL=sendto AUID="alumno" UID="root" GID="root" EUID="root" SUID="root" FSUID="root" EGID="root" SGID="root" FSGID="root"
type=SOCKADDR msg=audit(1779746663.172:258): saddr=100000000000000000000000SADDR={ saddr_fam=netlink nlnk-fam=16 nlnk-pid=0 }
type=CWD msg=audit(1779746663.172:258): cwd="/home/alumno"
type=PATH msg=audit(1779746663.172:258): item=0 name="/etc/" inode=1048577 dev=08:02 mode=040755 ouid=0 ogid=0 rdev=00:00 nametype=PARENT cap_fp=0 cap_fi=0 cap_fe=0 cap_fver=0 cap_frootid=0OUID="root" OGID="root"
type=PROCTITLE msg=audit(1779746663.172:258): proctitle=2F7362696E2F617564697463746C002D52002F6574632F61756469742F61756469742E72756C6573
type=SYSCALL msg=audit(1779746681.800:266): arch=c000003e syscall=257 success=yes exit=7 a0=ffffff9c a1=7f30408222c4 a2=80000 a3=0 items=1 ppid=952 pid=1247 auid=1000 uid=1000 gid=1000 euid=0 suid=0 fsuid=0 egid=1000 sgid=1000 fsgid=1000 tty=pts0 ses=1 comm="sudo" exe="/usr/bin/sudo" subj=unconfined key="shadow_access"ARCH=x86_64 SYSCALL=openat AUID="alumno" UID="alumno" GID="alumno" EUID="root" SUID="root" FSUID="root" EGID="alumno" SGID="alumno" FSGID="alumno"
type=CWD msg=audit(1779746681.800:266): cwd="/home/alumno"
type=PATH msg=audit(1779746681.800:266): item=0 name="/etc/shadow" inode=1049465 dev=08:02 mode=0100640 ouid=0 ogid=42 rdev=00:00 nametype=NORMAL cap_fp=0 cap_fi=0 cap_fe=0 cap_fver=0 cap_frootid=0OUID="root" OGID="shadow"
type=PROCTITLE msg=audit(1779746681.800:266): proctitle=7375646F00617564697463746C002D6C
type=SYSCALL msg=audit(1779747406.360:303): arch=c000003e syscall=257 success=yes exit=7 a0=ffffff9c a1=7fbab0a582c4 a2=80000 a3=0 items=1 ppid=952 pid=1276 auid=1000 uid=1000 gid=1000 euid=0 suid=0 fsuid=0 egid=1000 sgid=1000 fsgid=1000 tty=pts0 ses=1 comm="sudo" exe="/usr/bin/sudo" subj=unconfined key="shadow_access"ARCH=x86_64 SYSCALL=openat AUID="alumno" UID="alumno" GID="alumno" EUID="root" SUID="root" FSUID="root" EGID="alumno" SGID="alumno" FSGID="alumno"
type=CWD msg=audit(1779747406.360:303): cwd="/home/alumno"
type=PATH msg=audit(1779747406.360:303): item=0 name="/etc/shadow" inode=1049465 dev=08:02 mode=0100640 ouid=0 ogid=42 rdev=00:00 nametype=NORMAL cap_fp=0 cap_fi=0 cap_fe=0 cap_fver=0 cap_frootid=0OUID="root" OGID="shadow"
type=PROCTITLE msg=audit(1779747406.360:303): proctitle=7375646F006175736561726368002D6B007061737377645F6368616E676573002D2D726177
type=SYSCALL msg=audit(1779747421.900:318): arch=c000003e syscall=257 success=yes exit=7 a0=ffffff9c a1=7ff6452c52c4 a2=80000 a3=0 items=1 ppid=640 pid=1281 auid=4294967295 uid=0 gid=0 euid=0 suid=0 fsuid=0 egid=0 sgid=0 fsgid=0 tty=(none) ses=4294967295 comm="cron" exe="/usr/sbin/cron" subj=unconfined key="shadow_access"ARCH=x86_64 SYSCALL=openat AUID="unset" UID="root" GID="root" EUID="root" SUID="root" FSUID="root" EGID="root" SGID="root" FSGID="root"
type=CWD msg=audit(1779747421.900:318): cwd="/var/spool/cron"
type=PATH msg=audit(1779747421.900:318): item=0 name="/etc/shadow" inode=1049465 dev=08:02 mode=0100640 ouid=0 ogid=42 rdev=00:00 nametype=NORMAL cap_fp=0 cap_fi=0 cap_fe=0 cap_fver=0 cap_frootid=0OUID="root" OGID="shadow"
type=PROCTITLE msg=audit(1779747421.900:318): proctitle=2F7573722F7362696E2F43524F4E002D66002D50
type=SYSCALL msg=audit(1779747428.856:337): arch=c000003e syscall=257 success=yes exit=7 a0=ffffff9c a1=7f4d31f4b2c4 a2=80000 a3=0 items=1 ppid=952 pid=1284 auid=1000 uid=1000 gid=1000 euid=0 suid=0 fsuid=0 egid=1000 sgid=1000 fsgid=1000 tty=pts0 ses=1 comm="sudo" exe="/usr/bin/sudo" subj=unconfined key="shadow_access"ARCH=x86_64 SYSCALL=openat AUID="alumno" UID="alumno" GID="alumno" EUID="root" SUID="root" FSUID="root" EGID="alumno" SGID="alumno" FSGID="alumno"
type=CWD msg=audit(1779747428.856:337): cwd="/home/alumno"
type=PATH msg=audit(1779747428.856:337): item=0 name="/etc/shadow" inode=1049465 dev=08:02 mode=0100640 ouid=0 ogid=42 rdev=00:00 nametype=NORMAL cap_fp=0 cap_fi=0 cap_fe=0 cap_fver=0 cap_frootid=0OUID="root" OGID="shadow"
type=PROCTITLE msg=audit(1779747428.856:337): proctitle=7375646F006175736561726368002D6B007061737377645F6368616E676573002D2D666F726D6174006A736F6E
type=SYSCALL msg=audit(1779747500.148:356): arch=c000003e syscall=257 success=yes exit=7 a0=ffffff9c a1=7f8331ba72c4 a2=80000 a3=0 items=1 ppid=952 pid=1287 auid=1000 uid=1000 gid=1000 euid=0 suid=0 fsuid=0 egid=1000 sgid=1000 fsgid=1000 tty=pts0 ses=1 comm="sudo" exe="/usr/bin/sudo" subj=unconfined key="shadow_access"ARCH=x86_64 SYSCALL=openat AUID="alumno" UID="alumno" GID="alumno" EUID="root" SUID="root" FSUID="root" EGID="alumno" SGID="alumno" FSGID="alumno"
type=CWD msg=audit(1779747500.148:356): cwd="/home/alumno"
type=PATH msg=audit(1779747500.148:356): item=0 name="/etc/shadow" inode=1049465 dev=08:02 mode=0100640 ouid=0 ogid=42 rdev=00:00 nametype=NORMAL cap_fp=0 cap_fi=0 cap_fe=0 cap_fver=0 cap_frootid=0OUID="root" OGID="shadow"
type=PROCTITLE msg=audit(1779747500.148:356): proctitle=7375646F006175736561726368002D6B007061737377645F6368616E676573002D2D6A736F6E
type=SYSCALL msg=audit(1779748055.680:380): arch=c000003e syscall=257 success=yes exit=5 a0=ffffff9c a1=7f1bd78942c4 a2=80000 a3=0 items=1 ppid=676 pid=1310 auid=4294967295 uid=0 gid=0 euid=0 suid=0 fsuid=0 egid=0 sgid=0 fsgid=0 tty=(none) ses=4294967295 comm="sshd" exe="/usr/sbin/sshd" subj=unconfined key="shadow_access"ARCH=x86_64 SYSCALL=openat AUID="unset" UID="root" GID="root" EUID="root" SUID="root" FSUID="root" EGID="root" SGID="root" FSGID="root"
type=CWD msg=audit(1779748055.680:380): cwd="/"
type=PATH msg=audit(1779748055.680:380): item=0 name="/etc/shadow" inode=1049465 dev=08:02 mode=0100640 ouid=0 ogid=42 rdev=00:00 nametype=NORMAL cap_fp=0 cap_fi=0 cap_fe=0 cap_fver=0 cap_frootid=0OUID="root" OGID="shadow"
type=PROCTITLE msg=audit(1779748055.680:380): proctitle=2F7573722F7362696E2F73736864002D44002D52
type=SYSCALL msg=audit(1779748055.688:384): arch=c000003e syscall=257 success=yes exit=5 a0=ffffff9c a1=7f1bd78942c4 a2=80000 a3=0 items=1 ppid=676 pid=1310 auid=4294967295 uid=0 gid=0 euid=0 suid=0 fsuid=0 egid=0 sgid=0 fsgid=0 tty=(none) ses=4294967295 comm="sshd" exe="/usr/sbin/sshd" subj=unconfined key="shadow_access"ARCH=x86_64 SYSCALL=openat AUID="unset" UID="root" GID="root" EUID="root" SUID="root" FSUID="root" EGID="root" SGID="root" FSGID="root"
type=CWD msg=audit(1779748055.688:384): cwd="/"
type=PATH msg=audit(1779748055.688:384): item=0 name="/etc/shadow" inode=1049465 dev=08:02 mode=0100640 ouid=0 ogid=42 rdev=00:00 nametype=NORMAL cap_fp=0 cap_fi=0 cap_fe=0 cap_fver=0 cap_frootid=0OUID="root" OGID="shadow"
type=PROCTITLE msg=audit(1779748055.688:384): proctitle=2F7573722F7362696E2F73736864002D44002D52
type=SYSCALL msg=audit(1779748055.696:394): arch=c000003e syscall=257 success=yes exit=5 a0=ffffff9c a1=7f1bd78942c4 a2=80000 a3=0 items=1 ppid=676 pid=1310 auid=1000 uid=0 gid=0 euid=0 suid=0 fsuid=0 egid=0 sgid=0 fsgid=0 tty=(none) ses=4 comm="sshd" exe="/usr/sbin/sshd" subj=unconfined key="shadow_access"ARCH=x86_64 SYSCALL=openat AUID="alumno" UID="root" GID="root" EUID="root" SUID="root" FSUID="root" EGID="root" SGID="root" FSGID="root"
type=CWD msg=audit(1779748055.696:394): cwd="/"
type=PATH msg=audit(1779748055.696:394): item=0 name="/etc/shadow" inode=1049465 dev=08:02 mode=0100640 ouid=0 ogid=42 rdev=00:00 nametype=NORMAL cap_fp=0 cap_fi=0 cap_fe=0 cap_fver=0 cap_frootid=0OUID="root" OGID="shadow"
type=PROCTITLE msg=audit(1779748055.696:394): proctitle=2F7573722F7362696E2F73736864002D44002D52
type=SYSCALL msg=audit(1779748076.428:480): arch=c000003e syscall=257 success=yes exit=7 a0=ffffff9c a1=7f2d07f682c4 a2=80000 a3=0 items=1 ppid=1371 pid=1381 auid=1000 uid=1000 gid=1000 euid=0 suid=0 fsuid=0 egid=1000 sgid=1000 fsgid=1000 tty=pts0 ses=4 comm="sudo" exe="/usr/bin/sudo" subj=unconfined key="shadow_access"ARCH=x86_64 SYSCALL=openat AUID="alumno" UID="alumno" GID="alumno" EUID="root" SUID="root" FSUID="root" EGID="alumno" SGID="alumno" FSGID="alumno"
type=CWD msg=audit(1779748076.428:480): cwd="/home/alumno"
type=PATH msg=audit(1779748076.428:480): item=0 name="/etc/shadow" inode=1049465 dev=08:02 mode=0100640 ouid=0 ogid=42 rdev=00:00 nametype=NORMAL cap_fp=0 cap_fi=0 cap_fe=0 cap_fver=0 cap_frootid=0OUID="root" OGID="shadow"
type=PROCTITLE msg=audit(1779748076.428:480): proctitle=7375646F006170742D67657400757064617465
type=SYSCALL msg=audit(1779748078.316:482): arch=c000003e syscall=257 success=yes exit=7 a0=ffffff9c a1=7f2d07f682c4 a2=80000 a3=0 items=1 ppid=1371 pid=1381 auid=1000 uid=1000 gid=1000 euid=0 suid=0 fsuid=0 egid=1000 sgid=1000 fsgid=1000 tty=pts0 ses=4 comm="sudo" exe="/usr/bin/sudo" subj=unconfined key="shadow_access"ARCH=x86_64 SYSCALL=openat AUID="alumno" UID="alumno" GID="alumno" EUID="root" SUID="root" FSUID="root" EGID="alumno" SGID="alumno" FSGID="alumno"
type=CWD msg=audit(1779748078.316:482): cwd="/home/alumno"
type=PATH msg=audit(1779748078.316:482): item=0 name="/etc/shadow" inode=1049465 dev=08:02 mode=0100640 ouid=0 ogid=42 rdev=00:00 nametype=NORMAL cap_fp=0 cap_fi=0 cap_fe=0 cap_fver=0 cap_frootid=0OUID="root" OGID="shadow"
type=PROCTITLE msg=audit(1779748078.316:482): proctitle=7375646F006170742D67657400757064617465
type=SYSCALL msg=audit(1779748078.320:486): arch=c000003e syscall=257 success=yes exit=7 a0=ffffff9c a1=7f2d07f682c4 a2=80000 a3=0 items=1 ppid=1371 pid=1381 auid=1000 uid=1000 gid=1000 euid=0 suid=0 fsuid=0 egid=1000 sgid=1000 fsgid=1000 tty=pts0 ses=4 comm="sudo" exe="/usr/bin/sudo" subj=unconfined key="shadow_access"ARCH=x86_64 SYSCALL=openat AUID="alumno" UID="alumno" GID="alumno" EUID="root" SUID="root" FSUID="root" EGID="alumno" SGID="alumno" FSGID="alumno"
type=CWD msg=audit(1779748078.320:486): cwd="/home/alumno"
type=PATH msg=audit(1779748078.320:486): item=0 name="/etc/shadow" inode=1049465 dev=08:02 mode=0100640 ouid=0 ogid=42 rdev=00:00 nametype=NORMAL cap_fp=0 cap_fi=0 cap_fe=0 cap_fver=0 cap_frootid=0OUID="root" OGID="shadow"
type=PROCTITLE msg=audit(1779748078.320:486): proctitle=7375646F006170742D67657400757064617465
type=SYSCALL msg=audit(1779748215.588:543): arch=c000003e syscall=257 success=yes exit=7 a0=ffffff9c a1=7f0361be72c4 a2=80000 a3=0 items=1 ppid=1371 pid=1414 auid=1000 uid=1000 gid=1000 euid=0 suid=0 fsuid=0 egid=1000 sgid=1000 fsgid=1000 tty=pts0 ses=4 comm="sudo" exe="/usr/bin/sudo" subj=unconfined key="shadow_access"ARCH=x86_64 SYSCALL=openat AUID="alumno" UID="alumno" GID="alumno" EUID="root" SUID="root" FSUID="root" EGID="alumno" SGID="alumno" FSGID="alumno"
type=CWD msg=audit(1779748215.588:543): cwd="/home/alumno"
type=PATH msg=audit(1779748215.588:543): item=0 name="/etc/shadow" inode=1049465 dev=08:02 mode=0100640 ouid=0 ogid=42 rdev=00:00 nametype=NORMAL cap_fp=0 cap_fi=0 cap_fe=0 cap_fver=0 cap_frootid=0OUID="root" OGID="shadow"
type=PROCTITLE msg=audit(1779748215.588:543): proctitle=7375646F0073797374656D63746C0073746174757300617564697464
type=SYSCALL msg=audit(1779748378.332:566): arch=c000003e syscall=257 success=yes exit=7 a0=ffffff9c a1=7fbfd6e072c4 a2=80000 a3=0 items=1 ppid=1371 pid=1419 auid=1000 uid=1000 gid=1000 euid=0 suid=0 fsuid=0 egid=1000 sgid=1000 fsgid=1000 tty=pts0 ses=4 comm="sudo" exe="/usr/bin/sudo" subj=unconfined key="shadow_access"ARCH=x86_64 SYSCALL=openat AUID="alumno" UID="alumno" GID="alumno" EUID="root" SUID="root" FSUID="root" EGID="alumno" SGID="alumno" FSGID="alumno"
type=CWD msg=audit(1779748378.332:566): cwd="/home/alumno"
type=PATH msg=audit(1779748378.332:566): item=0 name="/etc/shadow" inode=1049465 dev=08:02 mode=0100640 ouid=0 ogid=42 rdev=00:00 nametype=NORMAL cap_fp=0 cap_fi=0 cap_fe=0 cap_fver=0 cap_frootid=0OUID="root" OGID="shadow"
type=PROCTITLE msg=audit(1779748378.332:566): proctitle=7375646F0075736572616464007573756172696F5F66616E7461736D61
type=SYSCALL msg=audit(1779748378.344:581): arch=c000003e syscall=257 success=yes exit=10 a0=ffffff9c a1=561456717b00 a2=20902 a3=0 items=1 ppid=1420 pid=1421 auid=1000 uid=0 gid=0 euid=0 suid=0 fsuid=0 egid=0 sgid=0 fsgid=0 tty=pts1 ses=4 comm="useradd" exe="/usr/sbin/useradd" subj=unconfined key="shadow_access"ARCH=x86_64 SYSCALL=openat AUID="alumno" UID="root" GID="root" EUID="root" SUID="root" FSUID="root" EGID="root" SGID="root" FSGID="root"
type=CWD msg=audit(1779748378.344:581): cwd="/home/alumno"
type=PATH msg=audit(1779748378.344:581): item=0 name="/etc/shadow" inode=1049465 dev=08:02 mode=0100640 ouid=0 ogid=42 rdev=00:00 nametype=NORMAL cap_fp=0 cap_fi=0 cap_fe=0 cap_fver=0 cap_frootid=0OUID="root" OGID="shadow"
type=PROCTITLE msg=audit(1779748378.344:581): proctitle=75736572616464007573756172696F5F66616E7461736D61
type=SYSCALL msg=audit(1779748378.376:587): arch=c000003e syscall=82 success=yes exit=0 a0=7fff0e7037e0 a1=561456717b00 a2=7fff0e703750 a3=100 items=5 ppid=1420 pid=1421 auid=1000 uid=0 gid=0 euid=0 suid=0 fsuid=0 egid=0 sgid=0 fsgid=0 tty=pts1 ses=4 comm="useradd" exe="/usr/sbin/useradd" subj=unconfined key="shadow_access"ARCH=x86_64 SYSCALL=rename AUID="alumno" UID="root" GID="root" EUID="root" SUID="root" FSUID="root" EGID="root" SGID="root" FSGID="root"
type=CWD msg=audit(1779748378.376:587): cwd="/home/alumno"
type=PATH msg=audit(1779748378.376:587): item=0 name="/etc/" inode=1048577 dev=08:02 mode=040755 ouid=0 ogid=0 rdev=00:00 nametype=PARENT cap_fp=0 cap_fi=0 cap_fe=0 cap_fver=0 cap_frootid=0OUID="root" OGID="root"
type=PATH msg=audit(1779748378.376:587): item=1 name="/etc/" inode=1048577 dev=08:02 mode=040755 ouid=0 ogid=0 rdev=00:00 nametype=PARENT cap_fp=0 cap_fi=0 cap_fe=0 cap_fver=0 cap_frootid=0OUID="root" OGID="root"
type=PATH msg=audit(1779748378.376:587): item=2 name="/etc/shadow+" inode=1049984 dev=08:02 mode=0100640 ouid=0 ogid=42 rdev=00:00 nametype=DELETE cap_fp=0 cap_fi=0 cap_fe=0 cap_fver=0 cap_frootid=0OUID="root" OGID="shadow"
type=PATH msg=audit(1779748378.376:587): item=3 name="/etc/shadow" inode=1049465 dev=08:02 mode=0100640 ouid=0 ogid=42 rdev=00:00 nametype=DELETE cap_fp=0 cap_fi=0 cap_fe=0 cap_fver=0 cap_frootid=0OUID="root" OGID="shadow"
type=PATH msg=audit(1779748378.376:587): item=4 name="/etc/shadow" inode=1049984 dev=08:02 mode=0100640 ouid=0 ogid=42 rdev=00:00 nametype=CREATE cap_fp=0 cap_fi=0 cap_fe=0 cap_fver=0 cap_frootid=0OUID="root" OGID="shadow"
type=PROCTITLE msg=audit(1779748378.376:587): proctitle=75736572616464007573756172696F5F66616E7461736D61
type=SYSCALL msg=audit(1779748594.352:602): arch=c000003e syscall=257 success=yes exit=7 a0=ffffff9c a1=7f8918f362c4 a2=80000 a3=0 items=1 ppid=1371 pid=1432 auid=1000 uid=1000 gid=1000 euid=0 suid=0 fsuid=0 egid=1000 sgid=1000 fsgid=1000 tty=pts0 ses=4 comm="sudo" exe="/usr/bin/sudo" subj=unconfined key="shadow_access"ARCH=x86_64 SYSCALL=openat AUID="alumno" UID="alumno" GID="alumno" EUID="root" SUID="root" FSUID="root" EGID="alumno" SGID="alumno" FSGID="alumno"
type=CWD msg=audit(1779748594.352:602): cwd="/home/alumno"
type=PATH msg=audit(1779748594.352:602): item=0 name="/etc/shadow" inode=1049984 dev=08:02 mode=0100640 ouid=0 ogid=42 rdev=00:00 nametype=NORMAL cap_fp=0 cap_fi=0 cap_fe=0 cap_fver=0 cap_frootid=0OUID="root" OGID="shadow"
type=PROCTITLE msg=audit(1779748594.352:602): proctitle=7375646F006175736561726368002D6B00726F6F745F636F6D6D616E6473002D2D726177
type=SYSCALL msg=audit(1779748683.232:622): arch=c000003e syscall=257 success=yes exit=7 a0=ffffff9c a1=7fcbd2ed52c4 a2=80000 a3=0 items=1 ppid=1371 pid=1444 auid=1000 uid=1000 gid=1000 euid=0 suid=0 fsuid=0 egid=1000 sgid=1000 fsgid=1000 tty=pts0 ses=4 comm="sudo" exe="/usr/bin/sudo" subj=unconfined key="shadow_access"ARCH=x86_64 SYSCALL=openat AUID="alumno" UID="alumno" GID="alumno" EUID="root" SUID="root" FSUID="root" EGID="alumno" SGID="alumno" FSGID="alumno"
type=CWD msg=audit(1779748683.232:622): cwd="/home/alumno"
type=PATH msg=audit(1779748683.232:622): item=0 name="/etc/shadow" inode=1049984 dev=08:02 mode=0100640 ouid=0 ogid=42 rdev=00:00 nametype=NORMAL cap_fp=0 cap_fi=0 cap_fe=0 cap_fver=0 cap_frootid=0OUID="root" OGID="shadow"
type=PROCTITLE msg=audit(1779748683.232:622): proctitle=7375646F0076697375646F
type=SYSCALL msg=audit(1779748824.984:648): arch=c000003e syscall=257 success=yes exit=7 a0=ffffff9c a1=7fe89c9262c4 a2=80000 a3=0 items=1 ppid=1371 pid=1449 auid=1000 uid=1000 gid=1000 euid=0 suid=0 fsuid=0 egid=1000 sgid=1000 fsgid=1000 tty=pts0 ses=4 comm="sudo" exe="/usr/bin/sudo" subj=unconfined key="shadow_access"ARCH=x86_64 SYSCALL=openat AUID="alumno" UID="alumno" GID="alumno" EUID="root" SUID="root" FSUID="root" EGID="alumno" SGID="alumno" FSGID="alumno"
type=CWD msg=audit(1779748824.984:648): cwd="/home/alumno"
type=PATH msg=audit(1779748824.984:648): item=0 name="/etc/shadow" inode=1049984 dev=08:02 mode=0100640 ouid=0 ogid=42 rdev=00:00 nametype=NORMAL cap_fp=0 cap_fi=0 cap_fe=0 cap_fver=0 cap_frootid=0OUID="root" OGID="shadow"
type=PROCTITLE msg=audit(1779748824.984:648): proctitle=7375646F00746F756368002F6574632F7375646F657273
type=SYSCALL msg=audit(1779749040.408:669): arch=c000003e syscall=257 success=yes exit=7 a0=ffffff9c a1=7f4a983012c4 a2=80000 a3=0 items=1 ppid=1371 pid=1457 auid=1000 uid=1000 gid=1000 euid=0 suid=0 fsuid=0 egid=1000 sgid=1000 fsgid=1000 tty=pts0 ses=4 comm="sudo" exe="/usr/bin/sudo" subj=unconfined key="shadow_access"ARCH=x86_64 SYSCALL=openat AUID="alumno" UID="alumno" GID="alumno" EUID="root" SUID="root" FSUID="root" EGID="alumno" SGID="alumno" FSGID="alumno"
type=CWD msg=audit(1779749040.408:669): cwd="/home/alumno"
type=PATH msg=audit(1779749040.408:669): item=0 name="/etc/shadow" inode=1049984 dev=08:02 mode=0100640 ouid=0 ogid=42 rdev=00:00 nametype=NORMAL cap_fp=0 cap_fi=0 cap_fe=0 cap_fver=0 cap_frootid=0OUID="root" OGID="shadow"
type=PROCTITLE msg=audit(1779749040.408:669): proctitle=7375646F0063686D6F640030343430002F6574632F7375646F657273
type=SYSCALL msg=audit(1779749098.800:689): arch=c000003e syscall=257 success=yes exit=7 a0=ffffff9c a1=7fabb631f2c4 a2=80000 a3=0 items=1 ppid=1371 pid=1461 auid=1000 uid=1000 gid=1000 euid=0 suid=0 fsuid=0 egid=1000 sgid=1000 fsgid=1000 tty=pts0 ses=4 comm="sudo" exe="/usr/bin/sudo" subj=unconfined key="shadow_access"ARCH=x86_64 SYSCALL=openat AUID="alumno" UID="alumno" GID="alumno" EUID="root" SUID="root" FSUID="root" EGID="alumno" SGID="alumno" FSGID="alumno"
type=CWD msg=audit(1779749098.800:689): cwd="/home/alumno"
type=PATH msg=audit(1779749098.800:689): item=0 name="/etc/shadow" inode=1049984 dev=08:02 mode=0100640 ouid=0 ogid=42 rdev=00:00 nametype=NORMAL cap_fp=0 cap_fi=0 cap_fe=0 cap_fver=0 cap_frootid=0OUID="root" OGID="shadow"
type=PROCTITLE msg=audit(1779749098.800:689): proctitle=7375646F006175736561726368002D6B007375646F6572735F6368616E676573002D2D726177
type=SYSCALL msg=audit(1779749171.480:710): arch=c000003e syscall=257 success=yes exit=3 a0=ffffff9c a1=7f5a15ae62c4 a2=80000 a3=0 items=1 ppid=1 pid=677 auid=4294967295 uid=0 gid=0 euid=0 suid=0 fsuid=0 egid=0 sgid=0 fsgid=0 tty=tty1 ses=4294967295 comm="login" exe="/usr/bin/login" subj=unconfined key="shadow_access"ARCH=x86_64 SYSCALL=openat AUID="unset" UID="root" GID="root" EUID="root" SUID="root" FSUID="root" EGID="root" SGID="root" FSGID="root"
type=CWD msg=audit(1779749171.480:710): cwd="/"
type=PATH msg=audit(1779749171.480:710): item=0 name="/etc/shadow" inode=1049984 dev=08:02 mode=0100640 ouid=0 ogid=42 rdev=00:00 nametype=NORMAL cap_fp=0 cap_fi=0 cap_fe=0 cap_fver=0 cap_frootid=0OUID="root" OGID="shadow"
type=PROCTITLE msg=audit(1779749171.480:710): proctitle=2F62696E2F6C6F67696E002D70002D2D00616C756D6E6F
type=SYSCALL msg=audit(1779749177.904:715): arch=c000003e syscall=257 success=yes exit=3 a0=ffffff9c a1=7f5a15ae62c4 a2=80000 a3=0 items=1 ppid=1 pid=677 auid=4294967295 uid=0 gid=0 euid=0 suid=0 fsuid=0 egid=0 sgid=0 fsgid=0 tty=tty1 ses=4294967295 comm="login" exe="/usr/bin/login" subj=unconfined key="shadow_access"ARCH=x86_64 SYSCALL=openat AUID="unset" UID="root" GID="root" EUID="root" SUID="root" FSUID="root" EGID="root" SGID="root" FSGID="root"
type=CWD msg=audit(1779749177.904:715): cwd="/"
type=PATH msg=audit(1779749177.904:715): item=0 name="/etc/shadow" inode=1049984 dev=08:02 mode=0100640 ouid=0 ogid=42 rdev=00:00 nametype=NORMAL cap_fp=0 cap_fi=0 cap_fe=0 cap_fver=0 cap_frootid=0OUID="root" OGID="shadow"
type=PROCTITLE msg=audit(1779749177.904:715): proctitle=2F62696E2F6C6F67696E002D70002D2D00616C756D6E6F
type=SYSCALL msg=audit(1779749177.912:720): arch=c000003e syscall=257 success=yes exit=3 a0=ffffff9c a1=7f5a15ae62c4 a2=80000 a3=0 items=1 ppid=1 pid=677 auid=4294967295 uid=0 gid=0 euid=0 suid=0 fsuid=0 egid=0 sgid=0 fsgid=0 tty=tty1 ses=4294967295 comm="login" exe="/usr/bin/login" subj=unconfined key="shadow_access"ARCH=x86_64 SYSCALL=openat AUID="unset" UID="root" GID="root" EUID="root" SUID="root" FSUID="root" EGID="root" SGID="root" FSGID="root"
type=CWD msg=audit(1779749177.912:720): cwd="/"
type=PATH msg=audit(1779749177.912:720): item=0 name="/etc/shadow" inode=1049984 dev=08:02 mode=0100640 ouid=0 ogid=42 rdev=00:00 nametype=NORMAL cap_fp=0 cap_fi=0 cap_fe=0 cap_fver=0 cap_frootid=0OUID="root" OGID="shadow"
type=PROCTITLE msg=audit(1779749177.912:720): proctitle=2F62696E2F6C6F67696E002D70002D2D00616C756D6E6F
type=SYSCALL msg=audit(1779749178.356:801): arch=c000003e syscall=257 success=yes exit=4 a0=ffffff9c a1=7f5a15ae62c4 a2=80000 a3=0 items=1 ppid=1 pid=677 auid=1000 uid=0 gid=0 euid=0 suid=0 fsuid=0 egid=0 sgid=0 fsgid=0 tty=tty1 ses=5 comm="login" exe="/usr/bin/login" subj=unconfined key="shadow_access"ARCH=x86_64 SYSCALL=openat AUID="alumno" UID="root" GID="root" EUID="root" SUID="root" FSUID="root" EGID="root" SGID="root" FSGID="root"
type=CWD msg=audit(1779749178.356:801): cwd="/"
type=PATH msg=audit(1779749178.356:801): item=0 name="/etc/shadow" inode=1049984 dev=08:02 mode=0100640 ouid=0 ogid=42 rdev=00:00 nametype=NORMAL cap_fp=0 cap_fi=0 cap_fe=0 cap_fver=0 cap_frootid=0OUID="root" OGID="shadow"
type=PROCTITLE msg=audit(1779749178.356:801): proctitle=2F62696E2F6C6F67696E002D70002D2D00616C756D6E6F
type=SYSCALL msg=audit(1779749178.384:808): arch=c000003e syscall=257 success=yes exit=7 a0=ffffff9c a1=7f3ed09062c4 a2=80000 a3=0 items=1 ppid=1 pid=1537 auid=4294967295 uid=0 gid=0 euid=0 suid=0 fsuid=0 egid=0 sgid=0 fsgid=0 tty=(none) ses=4294967295 comm="(systemd)" exe="/usr/lib/systemd/systemd" subj=unconfined key="shadow_access"ARCH=x86_64 SYSCALL=openat AUID="unset" UID="root" GID="root" EUID="root" SUID="root" FSUID="root" EGID="root" SGID="root" FSGID="root"
type=CWD msg=audit(1779749178.384:808): cwd="/"
type=PATH msg=audit(1779749178.384:808): item=0 name="/etc/shadow" inode=1049984 dev=08:02 mode=0100640 ouid=0 ogid=42 rdev=00:00 nametype=NORMAL cap_fp=0 cap_fi=0 cap_fe=0 cap_fver=0 cap_frootid=0OUID="root" OGID="shadow"
type=PROCTITLE msg=audit(1779749178.384:808): proctitle="(systemd)"
type=SYSCALL msg=audit(1779749178.388:819): arch=c000003e syscall=257 success=yes exit=8 a0=ffffff9c a1=7f3ed09062c4 a2=80000 a3=0 items=1 ppid=1 pid=1537 auid=1000 uid=0 gid=0 euid=0 suid=0 fsuid=0 egid=0 sgid=0 fsgid=0 tty=(none) ses=6 comm="(systemd)" exe="/usr/lib/systemd/systemd" subj=unconfined key="shadow_access"ARCH=x86_64 SYSCALL=openat AUID="alumno" UID="root" GID="root" EUID="root" SUID="root" FSUID="root" EGID="root" SGID="root" FSGID="root"
type=CWD msg=audit(1779749178.388:819): cwd="/"
type=PATH msg=audit(1779749178.388:819): item=0 name="/etc/shadow" inode=1049984 dev=08:02 mode=0100640 ouid=0 ogid=42 rdev=00:00 nametype=NORMAL cap_fp=0 cap_fi=0 cap_fe=0 cap_fver=0 cap_frootid=0OUID="root" OGID="shadow"
type=PROCTITLE msg=audit(1779749178.388:819): proctitle="(systemd)"
type=SYSCALL msg=audit(1779749231.584:846): arch=c000003e syscall=257 success=yes exit=5 a0=ffffff9c a1=7f583119c2c4 a2=80000 a3=0 items=1 ppid=676 pid=1559 auid=4294967295 uid=0 gid=0 euid=0 suid=0 fsuid=0 egid=0 sgid=0 fsgid=0 tty=(none) ses=4294967295 comm="sshd" exe="/usr/sbin/sshd" subj=unconfined key="shadow_access"ARCH=x86_64 SYSCALL=openat AUID="unset" UID="root" GID="root" EUID="root" SUID="root" FSUID="root" EGID="root" SGID="root" FSGID="root"
type=CWD msg=audit(1779749231.584:846): cwd="/"
type=PATH msg=audit(1779749231.584:846): item=0 name="/etc/shadow" inode=1049984 dev=08:02 mode=0100640 ouid=0 ogid=42 rdev=00:00 nametype=NORMAL cap_fp=0 cap_fi=0 cap_fe=0 cap_fver=0 cap_frootid=0OUID="root" OGID="shadow"
type=PROCTITLE msg=audit(1779749231.584:846): proctitle=2F7573722F7362696E2F73736864002D44002D52
type=SYSCALL msg=audit(1779749231.592:850): arch=c000003e syscall=257 success=yes exit=5 a0=ffffff9c a1=7f583119c2c4 a2=80000 a3=0 items=1 ppid=676 pid=1559 auid=4294967295 uid=0 gid=0 euid=0 suid=0 fsuid=0 egid=0 sgid=0 fsgid=0 tty=(none) ses=4294967295 comm="sshd" exe="/usr/sbin/sshd" subj=unconfined key="shadow_access"ARCH=x86_64 SYSCALL=openat AUID="unset" UID="root" GID="root" EUID="root" SUID="root" FSUID="root" EGID="root" SGID="root" FSGID="root"
type=CWD msg=audit(1779749231.592:850): cwd="/"
type=PATH msg=audit(1779749231.592:850): item=0 name="/etc/shadow" inode=1049984 dev=08:02 mode=0100640 ouid=0 ogid=42 rdev=00:00 nametype=NORMAL cap_fp=0 cap_fi=0 cap_fe=0 cap_fver=0 cap_frootid=0OUID="root" OGID="shadow"
type=PROCTITLE msg=audit(1779749231.592:850): proctitle=2F7573722F7362696E2F73736864002D44002D52
type=SYSCALL msg=audit(1779749231.600:860): arch=c000003e syscall=257 success=yes exit=5 a0=ffffff9c a1=7f583119c2c4 a2=80000 a3=0 items=1 ppid=676 pid=1559 auid=1000 uid=0 gid=0 euid=0 suid=0 fsuid=0 egid=0 sgid=0 fsgid=0 tty=(none) ses=7 comm="sshd" exe="/usr/sbin/sshd" subj=unconfined key="shadow_access"ARCH=x86_64 SYSCALL=openat AUID="alumno" UID="root" GID="root" EUID="root" SUID="root" FSUID="root" EGID="root" SGID="root" FSGID="root"
type=CWD msg=audit(1779749231.600:860): cwd="/"
type=PATH msg=audit(1779749231.600:860): item=0 name="/etc/shadow" inode=1049984 dev=08:02 mode=0100640 ouid=0 ogid=42 rdev=00:00 nametype=NORMAL cap_fp=0 cap_fi=0 cap_fe=0 cap_fver=0 cap_frootid=0OUID="root" OGID="shadow"
type=PROCTITLE msg=audit(1779749231.600:860): proctitle=2F7573722F7362696E2F73736864002D44002D52
type=SYSCALL msg=audit(1779749231.628:867): arch=c000003e syscall=257 success=yes exit=7 a0=ffffff9c a1=7f3ed09062c4 a2=80000 a3=0 items=1 ppid=1 pid=1562 auid=4294967295 uid=0 gid=0 euid=0 suid=0 fsuid=0 egid=0 sgid=0 fsgid=0 tty=(none) ses=4294967295 comm="(systemd)" exe="/usr/lib/systemd/systemd" subj=unconfined key="shadow_access"ARCH=x86_64 SYSCALL=openat AUID="unset" UID="root" GID="root" EUID="root" SUID="root" FSUID="root" EGID="root" SGID="root" FSGID="root"
type=CWD msg=audit(1779749231.628:867): cwd="/"
type=PATH msg=audit(1779749231.628:867): item=0 name="/etc/shadow" inode=1049984 dev=08:02 mode=0100640 ouid=0 ogid=42 rdev=00:00 nametype=NORMAL cap_fp=0 cap_fi=0 cap_fe=0 cap_fver=0 cap_frootid=0OUID="root" OGID="shadow"
type=PROCTITLE msg=audit(1779749231.628:867): proctitle="(systemd)"
type=SYSCALL msg=audit(1779749231.632:878): arch=c000003e syscall=257 success=yes exit=8 a0=ffffff9c a1=7f3ed09062c4 a2=80000 a3=0 items=1 ppid=1 pid=1562 auid=1000 uid=0 gid=0 euid=0 suid=0 fsuid=0 egid=0 sgid=0 fsgid=0 tty=(none) ses=8 comm="(systemd)" exe="/usr/lib/systemd/systemd" subj=unconfined key="shadow_access"ARCH=x86_64 SYSCALL=openat AUID="alumno" UID="root" GID="root" EUID="root" SUID="root" FSUID="root" EGID="root" SGID="root" FSGID="root"
type=CWD msg=audit(1779749231.632:878): cwd="/"
type=PATH msg=audit(1779749231.632:878): item=0 name="/etc/shadow" inode=1049984 dev=08:02 mode=0100640 ouid=0 ogid=42 rdev=00:00 nametype=NORMAL cap_fp=0 cap_fi=0 cap_fe=0 cap_fver=0 cap_frootid=0OUID="root" OGID="shadow"
type=PROCTITLE msg=audit(1779749231.632:878): proctitle="(systemd)"
type=SYSCALL msg=audit(1779749285.580:954): arch=c000003e syscall=257 success=yes exit=5 a0=ffffff9c a1=7fa673cd62c4 a2=80000 a3=0 items=1 ppid=676 pid=1628 auid=4294967295 uid=0 gid=0 euid=0 suid=0 fsuid=0 egid=0 sgid=0 fsgid=0 tty=(none) ses=4294967295 comm="sshd" exe="/usr/sbin/sshd" subj=unconfined key="shadow_access"ARCH=x86_64 SYSCALL=openat AUID="unset" UID="root" GID="root" EUID="root" SUID="root" FSUID="root" EGID="root" SGID="root" FSGID="root"
type=CWD msg=audit(1779749285.580:954): cwd="/"
type=PATH msg=audit(1779749285.580:954): item=0 name="/etc/shadow" inode=1049984 dev=08:02 mode=0100640 ouid=0 ogid=42 rdev=00:00 nametype=NORMAL cap_fp=0 cap_fi=0 cap_fe=0 cap_fver=0 cap_frootid=0OUID="root" OGID="shadow"
type=PROCTITLE msg=audit(1779749285.580:954): proctitle=2F7573722F7362696E2F73736864002D44002D52
type=SYSCALL msg=audit(1779749285.644:958): arch=c000003e syscall=257 success=yes exit=5 a0=ffffff9c a1=7fa673cd62c4 a2=80000 a3=0 items=1 ppid=676 pid=1628 auid=4294967295 uid=0 gid=0 euid=0 suid=0 fsuid=0 egid=0 sgid=0 fsgid=0 tty=(none) ses=4294967295 comm="sshd" exe="/usr/sbin/sshd" subj=unconfined key="shadow_access"ARCH=x86_64 SYSCALL=openat AUID="unset" UID="root" GID="root" EUID="root" SUID="root" FSUID="root" EGID="root" SGID="root" FSGID="root"
type=CWD msg=audit(1779749285.644:958): cwd="/"
type=PATH msg=audit(1779749285.644:958): item=0 name="/etc/shadow" inode=1049984 dev=08:02 mode=0100640 ouid=0 ogid=42 rdev=00:00 nametype=NORMAL cap_fp=0 cap_fi=0 cap_fe=0 cap_fver=0 cap_frootid=0OUID="root" OGID="shadow"
type=PROCTITLE msg=audit(1779749285.644:958): proctitle=2F7573722F7362696E2F73736864002D44002D52
type=SYSCALL msg=audit(1779749285.652:968): arch=c000003e syscall=257 success=yes exit=5 a0=ffffff9c a1=7fa673cd62c4 a2=80000 a3=0 items=1 ppid=676 pid=1628 auid=1001 uid=0 gid=0 euid=0 suid=0 fsuid=0 egid=0 sgid=0 fsgid=0 tty=(none) ses=9 comm="sshd" exe="/usr/sbin/sshd" subj=unconfined key="shadow_access"ARCH=x86_64 SYSCALL=openat AUID="testuser" UID="root" GID="root" EUID="root" SUID="root" FSUID="root" EGID="root" SGID="root" FSGID="root"
type=CWD msg=audit(1779749285.652:968): cwd="/"
type=PATH msg=audit(1779749285.652:968): item=0 name="/etc/shadow" inode=1049984 dev=08:02 mode=0100640 ouid=0 ogid=42 rdev=00:00 nametype=NORMAL cap_fp=0 cap_fi=0 cap_fe=0 cap_fver=0 cap_frootid=0OUID="root" OGID="shadow"
type=PROCTITLE msg=audit(1779749285.652:968): proctitle=2F7573722F7362696E2F73736864002D44002D52
type=SYSCALL msg=audit(1779749285.684:975): arch=c000003e syscall=257 success=yes exit=7 a0=ffffff9c a1=7f3ed09062c4 a2=80000 a3=0 items=1 ppid=1 pid=1631 auid=4294967295 uid=0 gid=0 euid=0 suid=0 fsuid=0 egid=0 sgid=0 fsgid=0 tty=(none) ses=4294967295 comm="(systemd)" exe="/usr/lib/systemd/systemd" subj=unconfined key="shadow_access"ARCH=x86_64 SYSCALL=openat AUID="unset" UID="root" GID="root" EUID="root" SUID="root" FSUID="root" EGID="root" SGID="root" FSGID="root"
type=CWD msg=audit(1779749285.684:975): cwd="/"
type=PATH msg=audit(1779749285.684:975): item=0 name="/etc/shadow" inode=1049984 dev=08:02 mode=0100640 ouid=0 ogid=42 rdev=00:00 nametype=NORMAL cap_fp=0 cap_fi=0 cap_fe=0 cap_fver=0 cap_frootid=0OUID="root" OGID="shadow"
type=PROCTITLE msg=audit(1779749285.684:975): proctitle="(systemd)"
type=SYSCALL msg=audit(1779749285.684:986): arch=c000003e syscall=257 success=yes exit=8 a0=ffffff9c a1=7f3ed09062c4 a2=80000 a3=0 items=1 ppid=1 pid=1631 auid=1001 uid=0 gid=0 euid=0 suid=0 fsuid=0 egid=0 sgid=0 fsgid=0 tty=(none) ses=10 comm="(systemd)" exe="/usr/lib/systemd/systemd" subj=unconfined key="shadow_access"ARCH=x86_64 SYSCALL=openat AUID="testuser" UID="root" GID="root" EUID="root" SUID="root" FSUID="root" EGID="root" SGID="root" FSGID="root"
type=CWD msg=audit(1779749285.684:986): cwd="/"
type=PATH msg=audit(1779749285.684:986): item=0 name="/etc/shadow" inode=1049984 dev=08:02 mode=0100640 ouid=0 ogid=42 rdev=00:00 nametype=NORMAL cap_fp=0 cap_fi=0 cap_fe=0 cap_fver=0 cap_frootid=0OUID="root" OGID="shadow"
type=PROCTITLE msg=audit(1779749285.684:986): proctitle="(systemd)"
type=SYSCALL msg=audit(1779749346.256:1074): arch=c000003e syscall=257 success=yes exit=7 a0=ffffff9c a1=7ff0895d52c4 a2=80000 a3=0 items=1 ppid=1697 pid=1711 auid=1001 uid=1001 gid=1001 euid=0 suid=0 fsuid=0 egid=1001 sgid=1001 fsgid=1001 tty=pts1 ses=9 comm="sudo" exe="/usr/bin/sudo" subj=unconfined key="shadow_access"ARCH=x86_64 SYSCALL=openat AUID="testuser" UID="testuser" GID="testuser" EUID="root" SUID="root" FSUID="root" EGID="testuser" SGID="testuser" FSGID="testuser"
type=CWD msg=audit(1779749346.256:1074): cwd="/home/testuser"
type=PATH msg=audit(1779749346.256:1074): item=0 name="/etc/shadow" inode=1049984 dev=08:02 mode=0100640 ouid=0 ogid=42 rdev=00:00 nametype=NORMAL cap_fp=0 cap_fi=0 cap_fe=0 cap_fver=0 cap_frootid=0OUID="root" OGID="shadow"
type=PROCTITLE msg=audit(1779749346.256:1074): proctitle=7375646F002D6C
type=SYSCALL msg=audit(1779749365.372:1076): arch=c000003e syscall=257 success=yes exit=7 a0=ffffff9c a1=7ff0895d52c4 a2=80000 a3=0 items=1 ppid=1697 pid=1711 auid=1001 uid=1001 gid=1001 euid=0 suid=0 fsuid=0 egid=1001 sgid=1001 fsgid=1001 tty=pts1 ses=9 comm="sudo" exe="/usr/bin/sudo" subj=unconfined key="shadow_access"ARCH=x86_64 SYSCALL=openat AUID="testuser" UID="testuser" GID="testuser" EUID="root" SUID="root" FSUID="root" EGID="testuser" SGID="testuser" FSGID="testuser"
type=CWD msg=audit(1779749365.372:1076): cwd="/home/testuser"
type=PATH msg=audit(1779749365.372:1076): item=0 name="/etc/shadow" inode=1049984 dev=08:02 mode=0100640 ouid=0 ogid=42 rdev=00:00 nametype=NORMAL cap_fp=0 cap_fi=0 cap_fe=0 cap_fver=0 cap_frootid=0OUID="root" OGID="shadow"
type=PROCTITLE msg=audit(1779749365.372:1076): proctitle=7375646F002D6C
type=SYSCALL msg=audit(1779749367.312:1079): arch=c000003e syscall=257 success=yes exit=8 a0=ffffff9c a1=7ff0895d52c4 a2=80000 a3=0 items=1 ppid=1697 pid=1711 auid=1001 uid=1001 gid=1001 euid=0 suid=0 fsuid=0 egid=1001 sgid=1001 fsgid=1001 tty=pts1 ses=9 comm="sudo" exe="/usr/bin/sudo" subj=unconfined key="shadow_access"ARCH=x86_64 SYSCALL=openat AUID="testuser" UID="testuser" GID="testuser" EUID="root" SUID="root" FSUID="root" EGID="testuser" SGID="testuser" FSGID="testuser"
type=CWD msg=audit(1779749367.312:1079): cwd="/home/testuser"
type=PATH msg=audit(1779749367.312:1079): item=0 name="/etc/shadow" inode=1049984 dev=08:02 mode=0100640 ouid=0 ogid=42 rdev=00:00 nametype=NORMAL cap_fp=0 cap_fi=0 cap_fe=0 cap_fver=0 cap_frootid=0OUID="root" OGID="shadow"
type=PROCTITLE msg=audit(1779749367.312:1079): proctitle=7375646F002D6C
type=SYSCALL msg=audit(1779749376.260:1081): arch=c000003e syscall=257 success=yes exit=8 a0=ffffff9c a1=7ff0895d52c4 a2=80000 a3=0 items=1 ppid=1697 pid=1711 auid=1001 uid=1001 gid=1001 euid=0 suid=0 fsuid=0 egid=1001 sgid=1001 fsgid=1001 tty=pts1 ses=9 comm="sudo" exe="/usr/bin/sudo" subj=unconfined key="shadow_access"ARCH=x86_64 SYSCALL=openat AUID="testuser" UID="testuser" GID="testuser" EUID="root" SUID="root" FSUID="root" EGID="testuser" SGID="testuser" FSGID="testuser"
type=CWD msg=audit(1779749376.260:1081): cwd="/home/testuser"
type=PATH msg=audit(1779749376.260:1081): item=0 name="/etc/shadow" inode=1049984 dev=08:02 mode=0100640 ouid=0 ogid=42 rdev=00:00 nametype=NORMAL cap_fp=0 cap_fi=0 cap_fe=0 cap_fver=0 cap_frootid=0OUID="root" OGID="shadow"
type=PROCTITLE msg=audit(1779749376.260:1081): proctitle=7375646F002D6C
type=SYSCALL msg=audit(1779749376.300:1085): arch=c000003e syscall=257 success=yes exit=8 a0=ffffff9c a1=7ff0895d52c4 a2=80000 a3=0 items=1 ppid=1697 pid=1711 auid=1001 uid=1001 gid=1001 euid=0 suid=0 fsuid=0 egid=1001 sgid=1001 fsgid=1001 tty=pts1 ses=9 comm="sudo" exe="/usr/bin/sudo" subj=unconfined key="shadow_access"ARCH=x86_64 SYSCALL=openat AUID="testuser" UID="testuser" GID="testuser" EUID="root" SUID="root" FSUID="root" EGID="testuser" SGID="testuser" FSGID="testuser"
type=CWD msg=audit(1779749376.300:1085): cwd="/home/testuser"
type=PATH msg=audit(1779749376.300:1085): item=0 name="/etc/shadow" inode=1049984 dev=08:02 mode=0100640 ouid=0 ogid=42 rdev=00:00 nametype=NORMAL cap_fp=0 cap_fi=0 cap_fe=0 cap_fver=0 cap_frootid=0OUID="root" OGID="shadow"
type=PROCTITLE msg=audit(1779749376.300:1085): proctitle=7375646F002D6C
type=SYSCALL msg=audit(1779749420.932:1093): arch=c000003e syscall=257 success=yes exit=7 a0=ffffff9c a1=7f3c60a662c4 a2=80000 a3=0 items=1 ppid=1697 pid=1713 auid=1001 uid=1001 gid=1001 euid=0 suid=0 fsuid=0 egid=1001 sgid=1001 fsgid=1001 tty=pts1 ses=9 comm="sudo" exe="/usr/bin/sudo" subj=unconfined key="shadow_access"ARCH=x86_64 SYSCALL=openat AUID="testuser" UID="testuser" GID="testuser" EUID="root" SUID="root" FSUID="root" EGID="testuser" SGID="testuser" FSGID="testuser"
type=CWD msg=audit(1779749420.932:1093): cwd="/home/testuser"
type=PATH msg=audit(1779749420.932:1093): item=0 name="/etc/shadow" inode=1049984 dev=08:02 mode=0100640 ouid=0 ogid=42 rdev=00:00 nametype=NORMAL cap_fp=0 cap_fi=0 cap_fe=0 cap_fver=0 cap_frootid=0OUID="root" OGID="shadow"
type=PROCTITLE msg=audit(1779749420.932:1093): proctitle=7375646F002D6C
type=SYSCALL msg=audit(1779749428.384:1095): arch=c000003e syscall=257 success=yes exit=7 a0=ffffff9c a1=7f3c60a662c4 a2=80000 a3=0 items=1 ppid=1697 pid=1713 auid=1001 uid=1001 gid=1001 euid=0 suid=0 fsuid=0 egid=1001 sgid=1001 fsgid=1001 tty=pts1 ses=9 comm="sudo" exe="/usr/bin/sudo" subj=unconfined key="shadow_access"ARCH=x86_64 SYSCALL=openat AUID="testuser" UID="testuser" GID="testuser" EUID="root" SUID="root" FSUID="root" EGID="testuser" SGID="testuser" FSGID="testuser"
type=CWD msg=audit(1779749428.384:1095): cwd="/home/testuser"
type=PATH msg=audit(1779749428.384:1095): item=0 name="/etc/shadow" inode=1049984 dev=08:02 mode=0100640 ouid=0 ogid=42 rdev=00:00 nametype=NORMAL cap_fp=0 cap_fi=0 cap_fe=0 cap_fver=0 cap_frootid=0OUID="root" OGID="shadow"
type=PROCTITLE msg=audit(1779749428.384:1095): proctitle=7375646F002D6C
type=SYSCALL msg=audit(1779749428.424:1099): arch=c000003e syscall=257 success=yes exit=7 a0=ffffff9c a1=7f3c60a662c4 a2=80000 a3=0 items=1 ppid=1697 pid=1713 auid=1001 uid=1001 gid=1001 euid=0 suid=0 fsuid=0 egid=1001 sgid=1001 fsgid=1001 tty=pts1 ses=9 comm="sudo" exe="/usr/bin/sudo" subj=unconfined key="shadow_access"ARCH=x86_64 SYSCALL=openat AUID="testuser" UID="testuser" GID="testuser" EUID="root" SUID="root" FSUID="root" EGID="testuser" SGID="testuser" FSGID="testuser"
type=CWD msg=audit(1779749428.424:1099): cwd="/home/testuser"
type=PATH msg=audit(1779749428.424:1099): item=0 name="/etc/shadow" inode=1049984 dev=08:02 mode=0100640 ouid=0 ogid=42 rdev=00:00 nametype=NORMAL cap_fp=0 cap_fi=0 cap_fe=0 cap_fver=0 cap_frootid=0OUID="root" OGID="shadow"
type=PROCTITLE msg=audit(1779749428.424:1099): proctitle=7375646F002D6C
type=SYSCALL msg=audit(1779749504.060:1105): arch=c000003e syscall=257 success=yes exit=3 a0=ffffff9c a1=7fef271902c4 a2=80000 a3=0 items=1 ppid=1697 pid=1715 auid=1001 uid=1001 gid=1001 euid=0 suid=0 fsuid=0 egid=1001 sgid=1001 fsgid=1001 tty=pts1 ses=9 comm="su" exe="/usr/bin/su" subj=unconfined key="shadow_access"ARCH=x86_64 SYSCALL=openat AUID="testuser" UID="testuser" GID="testuser" EUID="root" SUID="root" FSUID="root" EGID="testuser" SGID="testuser" FSGID="testuser"
type=CWD msg=audit(1779749504.060:1105): cwd="/home/testuser"
type=PATH msg=audit(1779749504.060:1105): item=0 name="/etc/shadow" inode=1049984 dev=08:02 mode=0100640 ouid=0 ogid=42 rdev=00:00 nametype=NORMAL cap_fp=0 cap_fi=0 cap_fe=0 cap_fver=0 cap_frootid=0OUID="root" OGID="shadow"
type=PROCTITLE msg=audit(1779749504.060:1105): proctitle=7375002D00726F6F74
type=SYSCALL msg=audit(1779749506.908:1107): arch=c000003e syscall=257 success=yes exit=3 a0=ffffff9c a1=7fef271902c4 a2=80000 a3=0 items=1 ppid=1697 pid=1715 auid=1001 uid=1001 gid=1001 euid=0 suid=0 fsuid=0 egid=1001 sgid=1001 fsgid=1001 tty=pts1 ses=9 comm="su" exe="/usr/bin/su" subj=unconfined key="shadow_access"ARCH=x86_64 SYSCALL=openat AUID="testuser" UID="testuser" GID="testuser" EUID="root" SUID="root" FSUID="root" EGID="testuser" SGID="testuser" FSGID="testuser"
type=CWD msg=audit(1779749506.908:1107): cwd="/home/testuser"
type=PATH msg=audit(1779749506.908:1107): item=0 name="/etc/shadow" inode=1049984 dev=08:02 mode=0100640 ouid=0 ogid=42 rdev=00:00 nametype=NORMAL cap_fp=0 cap_fi=0 cap_fe=0 cap_fver=0 cap_frootid=0OUID="root" OGID="shadow"
type=PROCTITLE msg=audit(1779749506.908:1107): proctitle=7375002D00726F6F74
type=SYSCALL msg=audit(1779749615.208:1114): arch=c000003e syscall=257 success=yes exit=7 a0=ffffff9c a1=7f29d1a922c4 a2=80000 a3=0 items=1 ppid=1697 pid=1716 auid=1001 uid=1001 gid=1001 euid=0 suid=0 fsuid=0 egid=1001 sgid=1001 fsgid=1001 tty=pts1 ses=9 comm="sudo" exe="/usr/bin/sudo" subj=unconfined key="shadow_access"ARCH=x86_64 SYSCALL=openat AUID="testuser" UID="testuser" GID="testuser" EUID="root" SUID="root" FSUID="root" EGID="testuser" SGID="testuser" FSGID="testuser"
type=CWD msg=audit(1779749615.208:1114): cwd="/home/testuser"
type=PATH msg=audit(1779749615.208:1114): item=0 name="/etc/shadow" inode=1049984 dev=08:02 mode=0100640 ouid=0 ogid=42 rdev=00:00 nametype=NORMAL cap_fp=0 cap_fi=0 cap_fe=0 cap_fver=0 cap_frootid=0OUID="root" OGID="shadow"
type=PROCTITLE msg=audit(1779749615.208:1114): proctitle=7375646F00636174002F6574632F736861646F77
type=SYSCALL msg=audit(1779749624.816:1116): arch=c000003e syscall=257 success=yes exit=7 a0=ffffff9c a1=7f29d1a922c4 a2=80000 a3=0 items=1 ppid=1697 pid=1716 auid=1001 uid=1001 gid=1001 euid=0 suid=0 fsuid=0 egid=1001 sgid=1001 fsgid=1001 tty=pts1 ses=9 comm="sudo" exe="/usr/bin/sudo" subj=unconfined key="shadow_access"ARCH=x86_64 SYSCALL=openat AUID="testuser" UID="testuser" GID="testuser" EUID="root" SUID="root" FSUID="root" EGID="testuser" SGID="testuser" FSGID="testuser"
type=CWD msg=audit(1779749624.816:1116): cwd="/home/testuser"
type=PATH msg=audit(1779749624.816:1116): item=0 name="/etc/shadow" inode=1049984 dev=08:02 mode=0100640 ouid=0 ogid=42 rdev=00:00 nametype=NORMAL cap_fp=0 cap_fi=0 cap_fe=0 cap_fver=0 cap_frootid=0OUID="root" OGID="shadow"
type=PROCTITLE msg=audit(1779749624.816:1116): proctitle=7375646F00636174002F6574632F736861646F77
type=SYSCALL msg=audit(1779749624.856:1120): arch=c000003e syscall=257 success=yes exit=7 a0=ffffff9c a1=7f29d1a922c4 a2=80000 a3=0 items=1 ppid=1697 pid=1716 auid=1001 uid=1001 gid=1001 euid=0 suid=0 fsuid=0 egid=1001 sgid=1001 fsgid=1001 tty=pts1 ses=9 comm="sudo" exe="/usr/bin/sudo" subj=unconfined key="shadow_access"ARCH=x86_64 SYSCALL=openat AUID="testuser" UID="testuser" GID="testuser" EUID="root" SUID="root" FSUID="root" EGID="testuser" SGID="testuser" FSGID="testuser"
type=CWD msg=audit(1779749624.856:1120): cwd="/home/testuser"
type=PATH msg=audit(1779749624.856:1120): item=0 name="/etc/shadow" inode=1049984 dev=08:02 mode=0100640 ouid=0 ogid=42 rdev=00:00 nametype=NORMAL cap_fp=0 cap_fi=0 cap_fe=0 cap_fver=0 cap_frootid=0OUID="root" OGID="shadow"
type=PROCTITLE msg=audit(1779749624.856:1120): proctitle=7375646F00636174002F6574632F736861646F77
type=SYSCALL msg=audit(1779749667.152:1128): arch=c000003e syscall=257 success=yes exit=7 a0=ffffff9c a1=7f1e248b92c4 a2=80000 a3=0 items=1 ppid=1618 pid=1724 auid=1000 uid=1000 gid=1000 euid=0 suid=0 fsuid=0 egid=1000 sgid=1000 fsgid=1000 tty=pts0 ses=7 comm="sudo" exe="/usr/bin/sudo" subj=unconfined key="shadow_access"ARCH=x86_64 SYSCALL=openat AUID="alumno" UID="alumno" GID="alumno" EUID="root" SUID="root" FSUID="root" EGID="alumno" SGID="alumno" FSGID="alumno"
type=CWD msg=audit(1779749667.152:1128): cwd="/home/alumno"
type=PATH msg=audit(1779749667.152:1128): item=0 name="/etc/shadow" inode=1049984 dev=08:02 mode=0100640 ouid=0 ogid=42 rdev=00:00 nametype=NORMAL cap_fp=0 cap_fi=0 cap_fe=0 cap_fver=0 cap_frootid=0OUID="root" OGID="shadow"
type=PROCTITLE msg=audit(1779749667.152:1128): proctitle=7375646F006175736561726368002D6D00555345525F434D442C555345525F41555448002D7376006E6F002D2D726177
type=SYSCALL msg=audit(1779749669.664:1130): arch=c000003e syscall=257 success=yes exit=7 a0=ffffff9c a1=7f1e248b92c4 a2=80000 a3=0 items=1 ppid=1618 pid=1724 auid=1000 uid=1000 gid=1000 euid=0 suid=0 fsuid=0 egid=1000 sgid=1000 fsgid=1000 tty=pts0 ses=7 comm="sudo" exe="/usr/bin/sudo" subj=unconfined key="shadow_access"ARCH=x86_64 SYSCALL=openat AUID="alumno" UID="alumno" GID="alumno" EUID="root" SUID="root" FSUID="root" EGID="alumno" SGID="alumno" FSGID="alumno"
type=CWD msg=audit(1779749669.664:1130): cwd="/home/alumno"
type=PATH msg=audit(1779749669.664:1130): item=0 name="/etc/shadow" inode=1049984 dev=08:02 mode=0100640 ouid=0 ogid=42 rdev=00:00 nametype=NORMAL cap_fp=0 cap_fi=0 cap_fe=0 cap_fver=0 cap_frootid=0OUID="root" OGID="shadow"
type=PROCTITLE msg=audit(1779749669.664:1130): proctitle=7375646F006175736561726368002D6D00555345525F434D442C555345525F41555448002D7376006E6F002D2D726177
type=SYSCALL msg=audit(1779749669.672:1134): arch=c000003e syscall=257 success=yes exit=7 a0=ffffff9c a1=7f1e248b92c4 a2=80000 a3=0 items=1 ppid=1618 pid=1724 auid=1000 uid=1000 gid=1000 euid=0 suid=0 fsuid=0 egid=1000 sgid=1000 fsgid=1000 tty=pts0 ses=7 comm="sudo" exe="/usr/bin/sudo" subj=unconfined key="shadow_access"ARCH=x86_64 SYSCALL=openat AUID="alumno" UID="alumno" GID="alumno" EUID="root" SUID="root" FSUID="root" EGID="alumno" SGID="alumno" FSGID="alumno"
type=CWD msg=audit(1779749669.672:1134): cwd="/home/alumno"
type=PATH msg=audit(1779749669.672:1134): item=0 name="/etc/shadow" inode=1049984 dev=08:02 mode=0100640 ouid=0 ogid=42 rdev=00:00 nametype=NORMAL cap_fp=0 cap_fi=0 cap_fe=0 cap_fver=0 cap_frootid=0OUID="root" OGID="shadow"
type=PROCTITLE msg=audit(1779749669.672:1134): proctitle=7375646F006175736561726368002D6D00555345525F434D442C555345525F41555448002D7376006E6F002D2D726177
type=SYSCALL msg=audit(1779749927.740:1152): arch=c000003e syscall=257 success=no exit=-13 a0=ffffff9c a1=7ffdc607376a a2=0 a3=0 items=1 ppid=1697 pid=1748 auid=1001 uid=1001 gid=1001 euid=1001 suid=1001 fsuid=1001 egid=1001 sgid=1001 fsgid=1001 tty=pts1 ses=9 comm="cat" exe="/usr/bin/cat" subj=unconfined key="shadow_access"ARCH=x86_64 SYSCALL=openat AUID="testuser" UID="testuser" GID="testuser" EUID="testuser" SUID="testuser" FSUID="testuser" EGID="testuser" SGID="testuser" FSGID="testuser"
type=CWD msg=audit(1779749927.740:1152): cwd="/home/testuser"
type=PATH msg=audit(1779749927.740:1152): item=0 name="/etc/shadow" inode=1049984 dev=08:02 mode=0100640 ouid=0 ogid=42 rdev=00:00 nametype=NORMAL cap_fp=0 cap_fi=0 cap_fe=0 cap_fver=0 cap_frootid=0OUID="root" OGID="shadow"
type=PROCTITLE msg=audit(1779749927.740:1152): proctitle=636174002F6574632F736861646F77
type=SYSCALL msg=audit(1779750010.572:1153): arch=c000003e syscall=257 success=no exit=-13 a0=ffffff9c a1=7ffd8eead768 a2=0 a3=0 items=1 ppid=1697 pid=1752 auid=1001 uid=1001 gid=1001 euid=1001 suid=1001 fsuid=1001 egid=1001 sgid=1001 fsgid=1001 tty=pts1 ses=9 comm="head" exe="/usr/bin/head" subj=unconfined key="shadow_access"ARCH=x86_64 SYSCALL=openat AUID="testuser" UID="testuser" GID="testuser" EUID="testuser" SUID="testuser" FSUID="testuser" EGID="testuser" SGID="testuser" FSGID="testuser"
type=CWD msg=audit(1779750010.572:1153): cwd="/home/testuser"
type=PATH msg=audit(1779750010.572:1153): item=0 name="/etc/shadow" inode=1049984 dev=08:02 mode=0100640 ouid=0 ogid=42 rdev=00:00 nametype=NORMAL cap_fp=0 cap_fi=0 cap_fe=0 cap_fver=0 cap_frootid=0OUID="root" OGID="shadow"
type=PROCTITLE msg=audit(1779750010.572:1153): proctitle=68656164002D6E0031002F6574632F736861646F77
type=SYSCALL msg=audit(1779750068.296:1154): arch=c000003e syscall=257 success=no exit=-13 a0=ffffff9c a1=7ffdd1eb075b a2=0 a3=0 items=1 ppid=1697 pid=1755 auid=1001 uid=1001 gid=1001 euid=1001 suid=1001 fsuid=1001 egid=1001 sgid=1001 fsgid=1001 tty=pts1 ses=9 comm="cp" exe="/usr/bin/cp" subj=unconfined key="shadow_access"ARCH=x86_64 SYSCALL=openat AUID="testuser" UID="testuser" GID="testuser" EUID="testuser" SUID="testuser" FSUID="testuser" EGID="testuser" SGID="testuser" FSGID="testuser"
type=CWD msg=audit(1779750068.296:1154): cwd="/home/testuser"
type=PATH msg=audit(1779750068.296:1154): item=0 name="/etc/shadow" inode=1049984 dev=08:02 mode=0100640 ouid=0 ogid=42 rdev=00:00 nametype=NORMAL cap_fp=0 cap_fi=0 cap_fe=0 cap_fver=0 cap_frootid=0OUID="root" OGID="shadow"
type=PROCTITLE msg=audit(1779750068.296:1154): proctitle=6370002F6574632F736861646F77002F746D702F736861646F775F636F7079
type=SYSCALL msg=audit(1779750128.964:1160): arch=c000003e syscall=257 success=yes exit=7 a0=ffffff9c a1=7f096b5722c4 a2=80000 a3=0 items=1 ppid=1618 pid=1756 auid=1000 uid=1000 gid=1000 euid=0 suid=0 fsuid=0 egid=1000 sgid=1000 fsgid=1000 tty=pts0 ses=7 comm="sudo" exe="/usr/bin/sudo" subj=unconfined key="shadow_access"ARCH=x86_64 SYSCALL=openat AUID="alumno" UID="alumno" GID="alumno" EUID="root" SUID="root" FSUID="root" EGID="alumno" SGID="alumno" FSGID="alumno"
type=CWD msg=audit(1779750128.964:1160): cwd="/home/alumno"
type=PATH msg=audit(1779750128.964:1160): item=0 name="/etc/shadow" inode=1049984 dev=08:02 mode=0100640 ouid=0 ogid=42 rdev=00:00 nametype=NORMAL cap_fp=0 cap_fi=0 cap_fe=0 cap_fver=0 cap_frootid=0OUID="root" OGID="shadow"
type=PROCTITLE msg=audit(1779750128.964:1160): proctitle=7375646F006175736561726368002D6B00736861646F775F616363657373002D2D726177
