type=CONFIG_CHANGE msg=audit(1779746663.172:255): auid=1000 ses=1 subj=unconfined op=add_rule key="passwd_changes" list=4 res=1AUID="alumno"
type=SYSCALL msg=audit(1779746663.172:255): arch=c000003e syscall=44 success=yes exit=1084 a0=3 a1=7ffd37190a40 a2=43c a3=0 items=0 ppid=1225 pid=1239 auid=1000 uid=0 gid=0 euid=0 suid=0 fsuid=0 egid=0 sgid=0 fsgid=0 tty=pts1 ses=1 comm="auditctl" exe="/usr/sbin/auditctl" subj=unconfined key=(null)ARCH=x86_64 SYSCALL=sendto AUID="alumno" UID="root" GID="root" EUID="root" SUID="root" FSUID="root" EGID="root" SGID="root" FSGID="root"
type=PROCTITLE msg=audit(1779746663.172:255): proctitle=2F7362696E2F617564697463746C002D52002F6574632F61756469742F61756469742E72756C6573
type=SYSCALL msg=audit(1779746681.792:261): arch=c000003e syscall=257 success=yes exit=3 a0=ffffff9c a1=7f30408222ac a2=80000 a3=0 items=1 ppid=952 pid=1247 auid=1000 uid=1000 gid=1000 euid=0 suid=0 fsuid=0 egid=1000 sgid=1000 fsgid=1000 tty=pts0 ses=1 comm="sudo" exe="/usr/bin/sudo" subj=unconfined key="passwd_changes"ARCH=x86_64 SYSCALL=openat AUID="alumno" UID="alumno" GID="alumno" EUID="root" SUID="root" FSUID="root" EGID="alumno" SGID="alumno" FSGID="alumno"
type=CWD msg=audit(1779746681.792:261): cwd="/home/alumno"
type=PATH msg=audit(1779746681.792:261): item=0 name="/etc/passwd" inode=1049984 dev=08:02 mode=0100644 ouid=0 ogid=0 rdev=00:00 nametype=NORMAL cap_fp=0 cap_fi=0 cap_fe=0 cap_fver=0 cap_frootid=0OUID="root" OGID="root"
type=PROCTITLE msg=audit(1779746681.792:261): proctitle=7375646F00617564697463746C002D6C
type=SYSCALL msg=audit(1779746681.796:262): arch=c000003e syscall=257 success=yes exit=5 a0=ffffff9c a1=7f30408222ac a2=80000 a3=0 items=1 ppid=952 pid=1247 auid=1000 uid=1000 gid=1000 euid=0 suid=0 fsuid=0 egid=1000 sgid=1000 fsgid=1000 tty=pts0 ses=1 comm="sudo" exe="/usr/bin/sudo" subj=unconfined key="passwd_changes"ARCH=x86_64 SYSCALL=openat AUID="alumno" UID="alumno" GID="alumno" EUID="root" SUID="root" FSUID="root" EGID="alumno" SGID="alumno" FSGID="alumno"
type=CWD msg=audit(1779746681.796:262): cwd="/home/alumno"
type=PATH msg=audit(1779746681.796:262): item=0 name="/etc/passwd" inode=1049984 dev=08:02 mode=0100644 ouid=0 ogid=0 rdev=00:00 nametype=NORMAL cap_fp=0 cap_fi=0 cap_fe=0 cap_fver=0 cap_frootid=0OUID="root" OGID="root"
type=PROCTITLE msg=audit(1779746681.796:262): proctitle=7375646F00617564697463746C002D6C
type=SYSCALL msg=audit(1779746681.796:263): arch=c000003e syscall=257 success=yes exit=5 a0=ffffff9c a1=7f30408222ac a2=80000 a3=0 items=1 ppid=952 pid=1247 auid=1000 uid=1000 gid=1000 euid=0 suid=0 fsuid=0 egid=1000 sgid=1000 fsgid=1000 tty=pts0 ses=1 comm="sudo" exe="/usr/bin/sudo" subj=unconfined key="passwd_changes"ARCH=x86_64 SYSCALL=openat AUID="alumno" UID="alumno" GID="alumno" EUID="root" SUID="root" FSUID="root" EGID="alumno" SGID="alumno" FSGID="alumno"
type=CWD msg=audit(1779746681.796:263): cwd="/home/alumno"
type=PATH msg=audit(1779746681.796:263): item=0 name="/etc/passwd" inode=1049984 dev=08:02 mode=0100644 ouid=0 ogid=0 rdev=00:00 nametype=NORMAL cap_fp=0 cap_fi=0 cap_fe=0 cap_fver=0 cap_frootid=0OUID="root" OGID="root"
type=PROCTITLE msg=audit(1779746681.796:263): proctitle=7375646F00617564697463746C002D6C
type=SYSCALL msg=audit(1779746681.800:265): arch=c000003e syscall=257 success=yes exit=7 a0=ffffff9c a1=7f30408222ac a2=80000 a3=0 items=1 ppid=952 pid=1247 auid=1000 uid=1000 gid=1000 euid=0 suid=0 fsuid=0 egid=1000 sgid=1000 fsgid=1000 tty=pts0 ses=1 comm="sudo" exe="/usr/bin/sudo" subj=unconfined key="passwd_changes"ARCH=x86_64 SYSCALL=openat AUID="alumno" UID="alumno" GID="alumno" EUID="root" SUID="root" FSUID="root" EGID="alumno" SGID="alumno" FSGID="alumno"
type=CWD msg=audit(1779746681.800:265): cwd="/home/alumno"
type=PATH msg=audit(1779746681.800:265): item=0 name="/etc/passwd" inode=1049984 dev=08:02 mode=0100644 ouid=0 ogid=0 rdev=00:00 nametype=NORMAL cap_fp=0 cap_fi=0 cap_fe=0 cap_fver=0 cap_frootid=0OUID="root" OGID="root"
type=PROCTITLE msg=audit(1779746681.800:265): proctitle=7375646F00617564697463746C002D6C
type=SYSCALL msg=audit(1779746681.800:268): arch=c000003e syscall=257 success=yes exit=6 a0=ffffff9c a1=7f30408222ac a2=80000 a3=0 items=1 ppid=952 pid=1247 auid=1000 uid=1000 gid=1000 euid=0 suid=0 fsuid=0 egid=1000 sgid=1000 fsgid=1000 tty=pts0 ses=1 comm="sudo" exe="/usr/bin/sudo" subj=unconfined key="passwd_changes"ARCH=x86_64 SYSCALL=openat AUID="alumno" UID="alumno" GID="alumno" EUID="root" SUID="root" FSUID="root" EGID="alumno" SGID="alumno" FSGID="alumno"
type=CWD msg=audit(1779746681.800:268): cwd="/home/alumno"
type=PATH msg=audit(1779746681.800:268): item=0 name="/etc/passwd" inode=1049984 dev=08:02 mode=0100644 ouid=0 ogid=0 rdev=00:00 nametype=NORMAL cap_fp=0 cap_fi=0 cap_fe=0 cap_fver=0 cap_frootid=0OUID="root" OGID="root"
type=PROCTITLE msg=audit(1779746681.800:268): proctitle=7375646F00617564697463746C002D6C
type=SYSCALL msg=audit(1779746681.800:270): arch=c000003e syscall=257 success=yes exit=8 a0=ffffff9c a1=7f30408222ac a2=80000 a3=0 items=1 ppid=952 pid=1247 auid=1000 uid=1000 gid=1000 euid=0 suid=0 fsuid=0 egid=1000 sgid=1000 fsgid=1000 tty=pts0 ses=1 comm="sudo" exe="/usr/bin/sudo" subj=unconfined key="passwd_changes"ARCH=x86_64 SYSCALL=openat AUID="alumno" UID="alumno" GID="alumno" EUID="root" SUID="root" FSUID="root" EGID="alumno" SGID="alumno" FSGID="alumno"
type=CWD msg=audit(1779746681.800:270): cwd="/home/alumno"
type=PATH msg=audit(1779746681.800:270): item=0 name="/etc/passwd" inode=1049984 dev=08:02 mode=0100644 ouid=0 ogid=0 rdev=00:00 nametype=NORMAL cap_fp=0 cap_fi=0 cap_fe=0 cap_fver=0 cap_frootid=0OUID="root" OGID="root"
type=PROCTITLE msg=audit(1779746681.800:270): proctitle=7375646F00617564697463746C002D6C
type=SYSCALL msg=audit(1779746681.800:271): arch=c000003e syscall=257 success=yes exit=13 a0=ffffff9c a1=7f30408222ac a2=80000 a3=0 items=1 ppid=952 pid=1247 auid=1000 uid=1000 gid=0 euid=0 suid=0 fsuid=0 egid=0 sgid=0 fsgid=0 tty=pts0 ses=1 comm="sudo" exe="/usr/bin/sudo" subj=unconfined key="passwd_changes"ARCH=x86_64 SYSCALL=openat AUID="alumno" UID="alumno" GID="root" EUID="root" SUID="root" FSUID="root" EGID="root" SGID="root" FSGID="root"
type=CWD msg=audit(1779746681.800:271): cwd="/home/alumno"
type=PATH msg=audit(1779746681.800:271): item=0 name="/etc/passwd" inode=1049984 dev=08:02 mode=0100644 ouid=0 ogid=0 rdev=00:00 nametype=NORMAL cap_fp=0 cap_fi=0 cap_fe=0 cap_fver=0 cap_frootid=0OUID="root" OGID="root"
type=PROCTITLE msg=audit(1779746681.800:271): proctitle=7375646F00617564697463746C002D6C
type=SYSCALL msg=audit(1779746681.800:273): arch=c000003e syscall=257 success=yes exit=13 a0=ffffff9c a1=7f30408222ac a2=80000 a3=0 items=1 ppid=952 pid=1247 auid=1000 uid=1000 gid=0 euid=0 suid=0 fsuid=0 egid=0 sgid=0 fsgid=0 tty=pts0 ses=1 comm="sudo" exe="/usr/bin/sudo" subj=unconfined key="passwd_changes"ARCH=x86_64 SYSCALL=openat AUID="alumno" UID="alumno" GID="root" EUID="root" SUID="root" FSUID="root" EGID="root" SGID="root" FSGID="root"
type=CWD msg=audit(1779746681.800:273): cwd="/home/alumno"
type=PATH msg=audit(1779746681.800:273): item=0 name="/etc/passwd" inode=1049984 dev=08:02 mode=0100644 ouid=0 ogid=0 rdev=00:00 nametype=NORMAL cap_fp=0 cap_fi=0 cap_fe=0 cap_fver=0 cap_frootid=0OUID="root" OGID="root"
type=PROCTITLE msg=audit(1779746681.800:273): proctitle=7375646F00617564697463746C002D6C
type=SYSCALL msg=audit(1779746681.800:274): arch=c000003e syscall=257 success=yes exit=13 a0=ffffff9c a1=7f30408222ac a2=80000 a3=0 items=1 ppid=952 pid=1247 auid=1000 uid=1000 gid=0 euid=0 suid=0 fsuid=0 egid=0 sgid=0 fsgid=0 tty=pts0 ses=1 comm="sudo" exe="/usr/bin/sudo" subj=unconfined key="passwd_changes"ARCH=x86_64 SYSCALL=openat AUID="alumno" UID="alumno" GID="root" EUID="root" SUID="root" FSUID="root" EGID="root" SGID="root" FSGID="root"
type=CWD msg=audit(1779746681.800:274): cwd="/home/alumno"
type=PATH msg=audit(1779746681.800:274): item=0 name="/etc/passwd" inode=1049984 dev=08:02 mode=0100644 ouid=0 ogid=0 rdev=00:00 nametype=NORMAL cap_fp=0 cap_fi=0 cap_fe=0 cap_fver=0 cap_frootid=0OUID="root" OGID="root"
type=PROCTITLE msg=audit(1779746681.800:274): proctitle=7375646F00617564697463746C002D6C
type=SYSCALL msg=audit(1779746681.800:275): arch=c000003e syscall=257 success=yes exit=13 a0=ffffff9c a1=7f30408222ac a2=80000 a3=0 items=1 ppid=952 pid=1247 auid=1000 uid=1000 gid=0 euid=0 suid=0 fsuid=0 egid=0 sgid=0 fsgid=0 tty=pts0 ses=1 comm="sudo" exe="/usr/bin/sudo" subj=unconfined key="passwd_changes"ARCH=x86_64 SYSCALL=openat AUID="alumno" UID="alumno" GID="root" EUID="root" SUID="root" FSUID="root" EGID="root" SGID="root" FSGID="root"
type=CWD msg=audit(1779746681.800:275): cwd="/home/alumno"
type=PATH msg=audit(1779746681.800:275): item=0 name="/etc/passwd" inode=1049984 dev=08:02 mode=0100644 ouid=0 ogid=0 rdev=00:00 nametype=NORMAL cap_fp=0 cap_fi=0 cap_fe=0 cap_fver=0 cap_frootid=0OUID="root" OGID="root"
type=PROCTITLE msg=audit(1779746681.800:275): proctitle=7375646F00617564697463746C002D6C
type=SYSCALL msg=audit(1779746897.044:281): arch=c000003e syscall=257 success=yes exit=3 a0=ffffff9c a1=7ffd34db0772 a2=0 a3=0 items=1 ppid=952 pid=1256 auid=1000 uid=1000 gid=1000 euid=1000 suid=1000 fsuid=1000 egid=1000 sgid=1000 fsgid=1000 tty=pts0 ses=1 comm="cat" exe="/usr/bin/cat" subj=unconfined key="passwd_changes"ARCH=x86_64 SYSCALL=openat AUID="alumno" UID="alumno" GID="alumno" EUID="alumno" SUID="alumno" FSUID="alumno" EGID="alumno" SGID="alumno" FSGID="alumno"
type=CWD msg=audit(1779746897.044:281): cwd="/home/alumno"
type=PATH msg=audit(1779746897.044:281): item=0 name="/etc/passwd" inode=1049984 dev=08:02 mode=0100644 ouid=0 ogid=0 rdev=00:00 nametype=NORMAL cap_fp=0 cap_fi=0 cap_fe=0 cap_fver=0 cap_frootid=0OUID="root" OGID="root"
type=PROCTITLE msg=audit(1779746897.044:281): proctitle=636174002F6574632F706173737764
type=SYSCALL msg=audit(1779747001.360:283): arch=c000003e syscall=257 success=yes exit=5 a0=ffffff9c a1=7f257e9062ac a2=80000 a3=0 items=1 ppid=1 pid=1257 auid=4294967295 uid=0 gid=0 euid=0 suid=0 fsuid=0 egid=0 sgid=0 fsgid=0 tty=(none) ses=4294967295 comm="systemd-tmpfile" exe="/usr/bin/systemd-tmpfiles" subj=unconfined key="passwd_changes"ARCH=x86_64 SYSCALL=openat AUID="unset" UID="root" GID="root" EUID="root" SUID="root" FSUID="root" EGID="root" SGID="root" FSGID="root"
type=CWD msg=audit(1779747001.360:283): cwd="/"
type=PATH msg=audit(1779747001.360:283): item=0 name="/etc/passwd" inode=1049984 dev=08:02 mode=0100644 ouid=0 ogid=0 rdev=00:00 nametype=NORMAL cap_fp=0 cap_fi=0 cap_fe=0 cap_fver=0 cap_frootid=0OUID="root" OGID="root"
type=PROCTITLE msg=audit(1779747001.360:283): proctitle=73797374656D642D746D7066696C6573002D2D636C65616E
type=SYSCALL msg=audit(1779747001.360:284): arch=c000003e syscall=257 success=yes exit=5 a0=ffffff9c a1=7f257e9062ac a2=80000 a3=0 items=1 ppid=1 pid=1257 auid=4294967295 uid=0 gid=0 euid=0 suid=0 fsuid=0 egid=0 sgid=0 fsgid=0 tty=(none) ses=4294967295 comm="systemd-tmpfile" exe="/usr/bin/systemd-tmpfiles" subj=unconfined key="passwd_changes"ARCH=x86_64 SYSCALL=openat AUID="unset" UID="root" GID="root" EUID="root" SUID="root" FSUID="root" EGID="root" SGID="root" FSGID="root"
type=CWD msg=audit(1779747001.360:284): cwd="/"
type=PATH msg=audit(1779747001.360:284): item=0 name="/etc/passwd" inode=1049984 dev=08:02 mode=0100644 ouid=0 ogid=0 rdev=00:00 nametype=NORMAL cap_fp=0 cap_fi=0 cap_fe=0 cap_fver=0 cap_frootid=0OUID="root" OGID="root"
type=PROCTITLE msg=audit(1779747001.360:284): proctitle=73797374656D642D746D7066696C6573002D2D636C65616E
type=SYSCALL msg=audit(1779747001.360:285): arch=c000003e syscall=257 success=yes exit=5 a0=ffffff9c a1=7f257e9062ac a2=80000 a3=0 items=1 ppid=1 pid=1257 auid=4294967295 uid=0 gid=0 euid=0 suid=0 fsuid=0 egid=0 sgid=0 fsgid=0 tty=(none) ses=4294967295 comm="systemd-tmpfile" exe="/usr/bin/systemd-tmpfiles" subj=unconfined key="passwd_changes"ARCH=x86_64 SYSCALL=openat AUID="unset" UID="root" GID="root" EUID="root" SUID="root" FSUID="root" EGID="root" SGID="root" FSGID="root"
type=CWD msg=audit(1779747001.360:285): cwd="/"
type=PATH msg=audit(1779747001.360:285): item=0 name="/etc/passwd" inode=1049984 dev=08:02 mode=0100644 ouid=0 ogid=0 rdev=00:00 nametype=NORMAL cap_fp=0 cap_fi=0 cap_fe=0 cap_fver=0 cap_frootid=0OUID="root" OGID="root"
type=PROCTITLE msg=audit(1779747001.360:285): proctitle=73797374656D642D746D7066696C6573002D2D636C65616E
type=SYSCALL msg=audit(1779747001.360:286): arch=c000003e syscall=257 success=yes exit=5 a0=ffffff9c a1=7f257e9062ac a2=80000 a3=0 items=1 ppid=1 pid=1257 auid=4294967295 uid=0 gid=0 euid=0 suid=0 fsuid=0 egid=0 sgid=0 fsgid=0 tty=(none) ses=4294967295 comm="systemd-tmpfile" exe="/usr/bin/systemd-tmpfiles" subj=unconfined key="passwd_changes"ARCH=x86_64 SYSCALL=openat AUID="unset" UID="root" GID="root" EUID="root" SUID="root" FSUID="root" EGID="root" SGID="root" FSGID="root"
type=CWD msg=audit(1779747001.360:286): cwd="/"
type=PATH msg=audit(1779747001.360:286): item=0 name="/etc/passwd" inode=1049984 dev=08:02 mode=0100644 ouid=0 ogid=0 rdev=00:00 nametype=NORMAL cap_fp=0 cap_fi=0 cap_fe=0 cap_fver=0 cap_frootid=0OUID="root" OGID="root"
type=PROCTITLE msg=audit(1779747001.360:286): proctitle=73797374656D642D746D7066696C6573002D2D636C65616E
type=SYSCALL msg=audit(1779747001.360:287): arch=c000003e syscall=257 success=yes exit=5 a0=ffffff9c a1=7f257e9062ac a2=80000 a3=0 items=1 ppid=1 pid=1257 auid=4294967295 uid=0 gid=0 euid=0 suid=0 fsuid=0 egid=0 sgid=0 fsgid=0 tty=(none) ses=4294967295 comm="systemd-tmpfile" exe="/usr/bin/systemd-tmpfiles" subj=unconfined key="passwd_changes"ARCH=x86_64 SYSCALL=openat AUID="unset" UID="root" GID="root" EUID="root" SUID="root" FSUID="root" EGID="root" SGID="root" FSGID="root"
type=CWD msg=audit(1779747001.360:287): cwd="/"
type=PATH msg=audit(1779747001.360:287): item=0 name="/etc/passwd" inode=1049984 dev=08:02 mode=0100644 ouid=0 ogid=0 rdev=00:00 nametype=NORMAL cap_fp=0 cap_fi=0 cap_fe=0 cap_fver=0 cap_frootid=0OUID="root" OGID="root"
type=PROCTITLE msg=audit(1779747001.360:287): proctitle=73797374656D642D746D7066696C6573002D2D636C65616E
type=SYSCALL msg=audit(1779747001.360:288): arch=c000003e syscall=257 success=yes exit=5 a0=ffffff9c a1=7f257e9062ac a2=80000 a3=0 items=1 ppid=1 pid=1257 auid=4294967295 uid=0 gid=0 euid=0 suid=0 fsuid=0 egid=0 sgid=0 fsgid=0 tty=(none) ses=4294967295 comm="systemd-tmpfile" exe="/usr/bin/systemd-tmpfiles" subj=unconfined key="passwd_changes"ARCH=x86_64 SYSCALL=openat AUID="unset" UID="root" GID="root" EUID="root" SUID="root" FSUID="root" EGID="root" SGID="root" FSGID="root"
type=CWD msg=audit(1779747001.360:288): cwd="/"
type=PATH msg=audit(1779747001.360:288): item=0 name="/etc/passwd" inode=1049984 dev=08:02 mode=0100644 ouid=0 ogid=0 rdev=00:00 nametype=NORMAL cap_fp=0 cap_fi=0 cap_fe=0 cap_fver=0 cap_frootid=0OUID="root" OGID="root"
type=PROCTITLE msg=audit(1779747001.360:288): proctitle=73797374656D642D746D7066696C6573002D2D636C65616E
type=SYSCALL msg=audit(1779747001.360:289): arch=c000003e syscall=257 success=yes exit=5 a0=ffffff9c a1=7f257e9062ac a2=80000 a3=0 items=1 ppid=1 pid=1257 auid=4294967295 uid=0 gid=0 euid=0 suid=0 fsuid=0 egid=0 sgid=0 fsgid=0 tty=(none) ses=4294967295 comm="systemd-tmpfile" exe="/usr/bin/systemd-tmpfiles" subj=unconfined key="passwd_changes"ARCH=x86_64 SYSCALL=openat AUID="unset" UID="root" GID="root" EUID="root" SUID="root" FSUID="root" EGID="root" SGID="root" FSGID="root"
type=CWD msg=audit(1779747001.360:289): cwd="/"
type=PATH msg=audit(1779747001.360:289): item=0 name="/etc/passwd" inode=1049984 dev=08:02 mode=0100644 ouid=0 ogid=0 rdev=00:00 nametype=NORMAL cap_fp=0 cap_fi=0 cap_fe=0 cap_fver=0 cap_frootid=0OUID="root" OGID="root"
type=PROCTITLE msg=audit(1779747001.360:289): proctitle=73797374656D642D746D7066696C6573002D2D636C65616E
type=SYSCALL msg=audit(1779747001.360:290): arch=c000003e syscall=257 success=yes exit=5 a0=ffffff9c a1=7f257e9062ac a2=80000 a3=0 items=1 ppid=1 pid=1257 auid=4294967295 uid=0 gid=0 euid=0 suid=0 fsuid=0 egid=0 sgid=0 fsgid=0 tty=(none) ses=4294967295 comm="systemd-tmpfile" exe="/usr/bin/systemd-tmpfiles" subj=unconfined key="passwd_changes"ARCH=x86_64 SYSCALL=openat AUID="unset" UID="root" GID="root" EUID="root" SUID="root" FSUID="root" EGID="root" SGID="root" FSGID="root"
type=CWD msg=audit(1779747001.360:290): cwd="/"
type=PATH msg=audit(1779747001.360:290): item=0 name="/etc/passwd" inode=1049984 dev=08:02 mode=0100644 ouid=0 ogid=0 rdev=00:00 nametype=NORMAL cap_fp=0 cap_fi=0 cap_fe=0 cap_fver=0 cap_frootid=0OUID="root" OGID="root"
type=PROCTITLE msg=audit(1779747001.360:290): proctitle=73797374656D642D746D7066696C6573002D2D636C65616E
type=SYSCALL msg=audit(1779747001.360:291): arch=c000003e syscall=257 success=yes exit=5 a0=ffffff9c a1=7f257e9062ac a2=80000 a3=0 items=1 ppid=1 pid=1257 auid=4294967295 uid=0 gid=0 euid=0 suid=0 fsuid=0 egid=0 sgid=0 fsgid=0 tty=(none) ses=4294967295 comm="systemd-tmpfile" exe="/usr/bin/systemd-tmpfiles" subj=unconfined key="passwd_changes"ARCH=x86_64 SYSCALL=openat AUID="unset" UID="root" GID="root" EUID="root" SUID="root" FSUID="root" EGID="root" SGID="root" FSGID="root"
type=CWD msg=audit(1779747001.360:291): cwd="/"
type=PATH msg=audit(1779747001.360:291): item=0 name="/etc/passwd" inode=1049984 dev=08:02 mode=0100644 ouid=0 ogid=0 rdev=00:00 nametype=NORMAL cap_fp=0 cap_fi=0 cap_fe=0 cap_fver=0 cap_frootid=0OUID="root" OGID="root"
type=PROCTITLE msg=audit(1779747001.360:291): proctitle=73797374656D642D746D7066696C6573002D2D636C65616E
type=SYSCALL msg=audit(1779747001.360:292): arch=c000003e syscall=257 success=yes exit=5 a0=ffffff9c a1=7f257e9062ac a2=80000 a3=0 items=1 ppid=1 pid=1257 auid=4294967295 uid=0 gid=0 euid=0 suid=0 fsuid=0 egid=0 sgid=0 fsgid=0 tty=(none) ses=4294967295 comm="systemd-tmpfile" exe="/usr/bin/systemd-tmpfiles" subj=unconfined key="passwd_changes"ARCH=x86_64 SYSCALL=openat AUID="unset" UID="root" GID="root" EUID="root" SUID="root" FSUID="root" EGID="root" SGID="root" FSGID="root"
type=CWD msg=audit(1779747001.360:292): cwd="/"
type=PATH msg=audit(1779747001.360:292): item=0 name="/etc/passwd" inode=1049984 dev=08:02 mode=0100644 ouid=0 ogid=0 rdev=00:00 nametype=NORMAL cap_fp=0 cap_fi=0 cap_fe=0 cap_fver=0 cap_frootid=0OUID="root" OGID="root"
type=PROCTITLE msg=audit(1779747001.360:292): proctitle=73797374656D642D746D7066696C6573002D2D636C65616E
type=SYSCALL msg=audit(1779747001.360:293): arch=c000003e syscall=257 success=yes exit=5 a0=ffffff9c a1=7f257e9062ac a2=80000 a3=0 items=1 ppid=1 pid=1257 auid=4294967295 uid=0 gid=0 euid=0 suid=0 fsuid=0 egid=0 sgid=0 fsgid=0 tty=(none) ses=4294967295 comm="systemd-tmpfile" exe="/usr/bin/systemd-tmpfiles" subj=unconfined key="passwd_changes"ARCH=x86_64 SYSCALL=openat AUID="unset" UID="root" GID="root" EUID="root" SUID="root" FSUID="root" EGID="root" SGID="root" FSGID="root"
type=CWD msg=audit(1779747001.360:293): cwd="/"
type=PATH msg=audit(1779747001.360:293): item=0 name="/etc/passwd" inode=1049984 dev=08:02 mode=0100644 ouid=0 ogid=0 rdev=00:00 nametype=NORMAL cap_fp=0 cap_fi=0 cap_fe=0 cap_fver=0 cap_frootid=0OUID="root" OGID="root"
type=PROCTITLE msg=audit(1779747001.360:293): proctitle=73797374656D642D746D7066696C6573002D2D636C65616E
type=SYSCALL msg=audit(1779747078.640:296): arch=c000003e syscall=257 success=yes exit=3 a0=ffffff9c a1=7ffec15be770 a2=0 a3=0 items=1 ppid=952 pid=1261 auid=1000 uid=1000 gid=1000 euid=1000 suid=1000 fsuid=1000 egid=1000 sgid=1000 fsgid=1000 tty=pts0 ses=1 comm="tail" exe="/usr/bin/tail" subj=unconfined key="passwd_changes"ARCH=x86_64 SYSCALL=openat AUID="alumno" UID="alumno" GID="alumno" EUID="alumno" SUID="alumno" FSUID="alumno" EGID="alumno" SGID="alumno" FSGID="alumno"
type=CWD msg=audit(1779747078.640:296): cwd="/home/alumno"
type=PATH msg=audit(1779747078.640:296): item=0 name="/etc/passwd" inode=1049984 dev=08:02 mode=0100644 ouid=0 ogid=0 rdev=00:00 nametype=NORMAL cap_fp=0 cap_fi=0 cap_fe=0 cap_fver=0 cap_frootid=0OUID="root" OGID="root"
type=PROCTITLE msg=audit(1779747078.640:296): proctitle=7461696C002D6E0035002F6574632F706173737764
type=SYSCALL msg=audit(1779747166.340:297): arch=c000003e syscall=257 success=yes exit=3 a0=ffffff9c a1=7ffe23786770 a2=100 a3=0 items=1 ppid=952 pid=1265 auid=1000 uid=1000 gid=1000 euid=1000 suid=1000 fsuid=1000 egid=1000 sgid=1000 fsgid=1000 tty=pts0 ses=1 comm="grep" exe="/usr/bin/grep" subj=unconfined key="passwd_changes"ARCH=x86_64 SYSCALL=openat AUID="alumno" UID="alumno" GID="alumno" EUID="alumno" SUID="alumno" FSUID="alumno" EGID="alumno" SGID="alumno" FSGID="alumno"
type=CWD msg=audit(1779747166.340:297): cwd="/home/alumno"
type=PATH msg=audit(1779747166.340:297): item=0 name="/etc/passwd" inode=1049984 dev=08:02 mode=0100644 ouid=0 ogid=0 rdev=00:00 nametype=NORMAL cap_fp=0 cap_fi=0 cap_fe=0 cap_fver=0 cap_frootid=0OUID="root" OGID="root"
type=PROCTITLE msg=audit(1779747166.340:297): proctitle=67726570002D2D636F6C6F723D6175746F00726F6F74002F6574632F706173737764
type=SYSCALL msg=audit(1779747406.352:298): arch=c000003e syscall=257 success=yes exit=3 a0=ffffff9c a1=7fbab0a582ac a2=80000 a3=0 items=1 ppid=952 pid=1276 auid=1000 uid=1000 gid=1000 euid=0 suid=0 fsuid=0 egid=1000 sgid=1000 fsgid=1000 tty=pts0 ses=1 comm="sudo" exe="/usr/bin/sudo" subj=unconfined key="passwd_changes"ARCH=x86_64 SYSCALL=openat AUID="alumno" UID="alumno" GID="alumno" EUID="root" SUID="root" FSUID="root" EGID="alumno" SGID="alumno" FSGID="alumno"
type=CWD msg=audit(1779747406.352:298): cwd="/home/alumno"
type=PATH msg=audit(1779747406.352:298): item=0 name="/etc/passwd" inode=1049984 dev=08:02 mode=0100644 ouid=0 ogid=0 rdev=00:00 nametype=NORMAL cap_fp=0 cap_fi=0 cap_fe=0 cap_fver=0 cap_frootid=0OUID="root" OGID="root"
type=PROCTITLE msg=audit(1779747406.352:298): proctitle=7375646F006175736561726368002D6B007061737377645F6368616E676573002D2D726177
type=SYSCALL msg=audit(1779747406.356:299): arch=c000003e syscall=257 success=yes exit=5 a0=ffffff9c a1=7fbab0a582ac a2=80000 a3=0 items=1 ppid=952 pid=1276 auid=1000 uid=1000 gid=1000 euid=0 suid=0 fsuid=0 egid=1000 sgid=1000 fsgid=1000 tty=pts0 ses=1 comm="sudo" exe="/usr/bin/sudo" subj=unconfined key="passwd_changes"ARCH=x86_64 SYSCALL=openat AUID="alumno" UID="alumno" GID="alumno" EUID="root" SUID="root" FSUID="root" EGID="alumno" SGID="alumno" FSGID="alumno"
type=CWD msg=audit(1779747406.356:299): cwd="/home/alumno"
type=PATH msg=audit(1779747406.356:299): item=0 name="/etc/passwd" inode=1049984 dev=08:02 mode=0100644 ouid=0 ogid=0 rdev=00:00 nametype=NORMAL cap_fp=0 cap_fi=0 cap_fe=0 cap_fver=0 cap_frootid=0OUID="root" OGID="root"
type=PROCTITLE msg=audit(1779747406.356:299): proctitle=7375646F006175736561726368002D6B007061737377645F6368616E676573002D2D726177
type=SYSCALL msg=audit(1779747406.356:300): arch=c000003e syscall=257 success=yes exit=5 a0=ffffff9c a1=7fbab0a582ac a2=80000 a3=0 items=1 ppid=952 pid=1276 auid=1000 uid=1000 gid=1000 euid=0 suid=0 fsuid=0 egid=1000 sgid=1000 fsgid=1000 tty=pts0 ses=1 comm="sudo" exe="/usr/bin/sudo" subj=unconfined key="passwd_changes"ARCH=x86_64 SYSCALL=openat AUID="alumno" UID="alumno" GID="alumno" EUID="root" SUID="root" FSUID="root" EGID="alumno" SGID="alumno" FSGID="alumno"
type=CWD msg=audit(1779747406.356:300): cwd="/home/alumno"
type=PATH msg=audit(1779747406.356:300): item=0 name="/etc/passwd" inode=1049984 dev=08:02 mode=0100644 ouid=0 ogid=0 rdev=00:00 nametype=NORMAL cap_fp=0 cap_fi=0 cap_fe=0 cap_fver=0 cap_frootid=0OUID="root" OGID="root"
type=PROCTITLE msg=audit(1779747406.356:300): proctitle=7375646F006175736561726368002D6B007061737377645F6368616E676573002D2D726177
type=SYSCALL msg=audit(1779747406.360:302): arch=c000003e syscall=257 success=yes exit=7 a0=ffffff9c a1=7fbab0a582ac a2=80000 a3=0 items=1 ppid=952 pid=1276 auid=1000 uid=1000 gid=1000 euid=0 suid=0 fsuid=0 egid=1000 sgid=1000 fsgid=1000 tty=pts0 ses=1 comm="sudo" exe="/usr/bin/sudo" subj=unconfined key="passwd_changes"ARCH=x86_64 SYSCALL=openat AUID="alumno" UID="alumno" GID="alumno" EUID="root" SUID="root" FSUID="root" EGID="alumno" SGID="alumno" FSGID="alumno"
type=CWD msg=audit(1779747406.360:302): cwd="/home/alumno"
type=PATH msg=audit(1779747406.360:302): item=0 name="/etc/passwd" inode=1049984 dev=08:02 mode=0100644 ouid=0 ogid=0 rdev=00:00 nametype=NORMAL cap_fp=0 cap_fi=0 cap_fe=0 cap_fver=0 cap_frootid=0OUID="root" OGID="root"
type=PROCTITLE msg=audit(1779747406.360:302): proctitle=7375646F006175736561726368002D6B007061737377645F6368616E676573002D2D726177
type=SYSCALL msg=audit(1779747406.360:305): arch=c000003e syscall=257 success=yes exit=6 a0=ffffff9c a1=7fbab0a582ac a2=80000 a3=0 items=1 ppid=952 pid=1276 auid=1000 uid=1000 gid=1000 euid=0 suid=0 fsuid=0 egid=1000 sgid=1000 fsgid=1000 tty=pts0 ses=1 comm="sudo" exe="/usr/bin/sudo" subj=unconfined key="passwd_changes"ARCH=x86_64 SYSCALL=openat AUID="alumno" UID="alumno" GID="alumno" EUID="root" SUID="root" FSUID="root" EGID="alumno" SGID="alumno" FSGID="alumno"
type=CWD msg=audit(1779747406.360:305): cwd="/home/alumno"
type=PATH msg=audit(1779747406.360:305): item=0 name="/etc/passwd" inode=1049984 dev=08:02 mode=0100644 ouid=0 ogid=0 rdev=00:00 nametype=NORMAL cap_fp=0 cap_fi=0 cap_fe=0 cap_fver=0 cap_frootid=0OUID="root" OGID="root"
type=PROCTITLE msg=audit(1779747406.360:305): proctitle=7375646F006175736561726368002D6B007061737377645F6368616E676573002D2D726177
type=SYSCALL msg=audit(1779747406.360:307): arch=c000003e syscall=257 success=yes exit=8 a0=ffffff9c a1=7fbab0a582ac a2=80000 a3=0 items=1 ppid=952 pid=1276 auid=1000 uid=1000 gid=1000 euid=0 suid=0 fsuid=0 egid=1000 sgid=1000 fsgid=1000 tty=pts0 ses=1 comm="sudo" exe="/usr/bin/sudo" subj=unconfined key="passwd_changes"ARCH=x86_64 SYSCALL=openat AUID="alumno" UID="alumno" GID="alumno" EUID="root" SUID="root" FSUID="root" EGID="alumno" SGID="alumno" FSGID="alumno"
type=CWD msg=audit(1779747406.360:307): cwd="/home/alumno"
type=PATH msg=audit(1779747406.360:307): item=0 name="/etc/passwd" inode=1049984 dev=08:02 mode=0100644 ouid=0 ogid=0 rdev=00:00 nametype=NORMAL cap_fp=0 cap_fi=0 cap_fe=0 cap_fver=0 cap_frootid=0OUID="root" OGID="root"
type=PROCTITLE msg=audit(1779747406.360:307): proctitle=7375646F006175736561726368002D6B007061737377645F6368616E676573002D2D726177
type=SYSCALL msg=audit(1779747406.360:308): arch=c000003e syscall=257 success=yes exit=13 a0=ffffff9c a1=7fbab0a582ac a2=80000 a3=0 items=1 ppid=952 pid=1276 auid=1000 uid=1000 gid=0 euid=0 suid=0 fsuid=0 egid=0 sgid=0 fsgid=0 tty=pts0 ses=1 comm="sudo" exe="/usr/bin/sudo" subj=unconfined key="passwd_changes"ARCH=x86_64 SYSCALL=openat AUID="alumno" UID="alumno" GID="root" EUID="root" SUID="root" FSUID="root" EGID="root" SGID="root" FSGID="root"
type=CWD msg=audit(1779747406.360:308): cwd="/home/alumno"
type=PATH msg=audit(1779747406.360:308): item=0 name="/etc/passwd" inode=1049984 dev=08:02 mode=0100644 ouid=0 ogid=0 rdev=00:00 nametype=NORMAL cap_fp=0 cap_fi=0 cap_fe=0 cap_fver=0 cap_frootid=0OUID="root" OGID="root"
type=PROCTITLE msg=audit(1779747406.360:308): proctitle=7375646F006175736561726368002D6B007061737377645F6368616E676573002D2D726177
type=SYSCALL msg=audit(1779747406.360:310): arch=c000003e syscall=257 success=yes exit=13 a0=ffffff9c a1=7fbab0a582ac a2=80000 a3=0 items=1 ppid=952 pid=1276 auid=1000 uid=1000 gid=0 euid=0 suid=0 fsuid=0 egid=0 sgid=0 fsgid=0 tty=pts0 ses=1 comm="sudo" exe="/usr/bin/sudo" subj=unconfined key="passwd_changes"ARCH=x86_64 SYSCALL=openat AUID="alumno" UID="alumno" GID="root" EUID="root" SUID="root" FSUID="root" EGID="root" SGID="root" FSGID="root"
type=CWD msg=audit(1779747406.360:310): cwd="/home/alumno"
type=PATH msg=audit(1779747406.360:310): item=0 name="/etc/passwd" inode=1049984 dev=08:02 mode=0100644 ouid=0 ogid=0 rdev=00:00 nametype=NORMAL cap_fp=0 cap_fi=0 cap_fe=0 cap_fver=0 cap_frootid=0OUID="root" OGID="root"
type=PROCTITLE msg=audit(1779747406.360:310): proctitle=7375646F006175736561726368002D6B007061737377645F6368616E676573002D2D726177
type=SYSCALL msg=audit(1779747406.360:311): arch=c000003e syscall=257 success=yes exit=13 a0=ffffff9c a1=7fbab0a582ac a2=80000 a3=0 items=1 ppid=952 pid=1276 auid=1000 uid=1000 gid=0 euid=0 suid=0 fsuid=0 egid=0 sgid=0 fsgid=0 tty=pts0 ses=1 comm="sudo" exe="/usr/bin/sudo" subj=unconfined key="passwd_changes"ARCH=x86_64 SYSCALL=openat AUID="alumno" UID="alumno" GID="root" EUID="root" SUID="root" FSUID="root" EGID="root" SGID="root" FSGID="root"
type=CWD msg=audit(1779747406.360:311): cwd="/home/alumno"
type=PATH msg=audit(1779747406.360:311): item=0 name="/etc/passwd" inode=1049984 dev=08:02 mode=0100644 ouid=0 ogid=0 rdev=00:00 nametype=NORMAL cap_fp=0 cap_fi=0 cap_fe=0 cap_fver=0 cap_frootid=0OUID="root" OGID="root"
type=PROCTITLE msg=audit(1779747406.360:311): proctitle=7375646F006175736561726368002D6B007061737377645F6368616E676573002D2D726177
type=SYSCALL msg=audit(1779747406.360:312): arch=c000003e syscall=257 success=yes exit=13 a0=ffffff9c a1=7fbab0a582ac a2=80000 a3=0 items=1 ppid=952 pid=1276 auid=1000 uid=1000 gid=0 euid=0 suid=0 fsuid=0 egid=0 sgid=0 fsgid=0 tty=pts0 ses=1 comm="sudo" exe="/usr/bin/sudo" subj=unconfined key="passwd_changes"ARCH=x86_64 SYSCALL=openat AUID="alumno" UID="alumno" GID="root" EUID="root" SUID="root" FSUID="root" EGID="root" SGID="root" FSGID="root"
type=CWD msg=audit(1779747406.360:312): cwd="/home/alumno"
type=PATH msg=audit(1779747406.360:312): item=0 name="/etc/passwd" inode=1049984 dev=08:02 mode=0100644 ouid=0 ogid=0 rdev=00:00 nametype=NORMAL cap_fp=0 cap_fi=0 cap_fe=0 cap_fver=0 cap_frootid=0OUID="root" OGID="root"
type=PROCTITLE msg=audit(1779747406.360:312): proctitle=7375646F006175736561726368002D6B007061737377645F6368616E676573002D2D726177
